Archive member included to satisfy reference by file (symbol)

C:\Users\FLL1GA\Documents\Luis Javier Flores\Tec de Monterrey\8vo Semestre\DSPs\HRTF_project\stm32f4\HRTF_test\lib\libarm_cortexM4lf_math.a(arm_q15_to_float.o)
                              src/main.o (arm_q15_to_float)
C:\Users\FLL1GA\Documents\Luis Javier Flores\Tec de Monterrey\8vo Semestre\DSPs\HRTF_project\stm32f4\HRTF_test\lib\libarm_cortexM4lf_math.a(arm_float_to_q15.o)
                              src/main.o (arm_float_to_q15)
C:\Users\FLL1GA\Documents\Luis Javier Flores\Tec de Monterrey\8vo Semestre\DSPs\HRTF_project\stm32f4\HRTF_test\lib\libarm_cortexM4lf_math.a(arm_fir_init_f32.o)
                              src/main.o (arm_fir_init_f32)
C:\Users\FLL1GA\Documents\Luis Javier Flores\Tec de Monterrey\8vo Semestre\DSPs\HRTF_project\stm32f4\HRTF_test\lib\libarm_cortexM4lf_math.a(arm_fir_f32.o)
                              src/main.o (arm_fir_f32)
c:/ac6/systemworkbench/plugins/fr.ac6.mcu.externaltools.arm-none.win32_1.15.0.201708311556/tools/compiler/bin/../lib/gcc/arm-none-eabi/6.3.1/../../../../arm-none-eabi/lib/thumb/v7e-m/fpv4-sp/hard\libc.a(lib_a-errno.o)
                              src/syscalls.o (__errno)
c:/ac6/systemworkbench/plugins/fr.ac6.mcu.externaltools.arm-none.win32_1.15.0.201708311556/tools/compiler/bin/../lib/gcc/arm-none-eabi/6.3.1/../../../../arm-none-eabi/lib/thumb/v7e-m/fpv4-sp/hard\libc.a(lib_a-exit.o)
                              c:/ac6/systemworkbench/plugins/fr.ac6.mcu.externaltools.arm-none.win32_1.15.0.201708311556/tools/compiler/bin/../lib/gcc/arm-none-eabi/6.3.1/../../../../arm-none-eabi/lib/thumb/v7e-m/fpv4-sp/hard/crt0.o (exit)
c:/ac6/systemworkbench/plugins/fr.ac6.mcu.externaltools.arm-none.win32_1.15.0.201708311556/tools/compiler/bin/../lib/gcc/arm-none-eabi/6.3.1/../../../../arm-none-eabi/lib/thumb/v7e-m/fpv4-sp/hard\libc.a(lib_a-impure.o)
                              c:/ac6/systemworkbench/plugins/fr.ac6.mcu.externaltools.arm-none.win32_1.15.0.201708311556/tools/compiler/bin/../lib/gcc/arm-none-eabi/6.3.1/../../../../arm-none-eabi/lib/thumb/v7e-m/fpv4-sp/hard\libc.a(lib_a-exit.o) (_global_impure_ptr)
c:/ac6/systemworkbench/plugins/fr.ac6.mcu.externaltools.arm-none.win32_1.15.0.201708311556/tools/compiler/bin/../lib/gcc/arm-none-eabi/6.3.1/../../../../arm-none-eabi/lib/thumb/v7e-m/fpv4-sp/hard\libc.a(lib_a-init.o)
                              c:/ac6/systemworkbench/plugins/fr.ac6.mcu.externaltools.arm-none.win32_1.15.0.201708311556/tools/compiler/bin/../lib/gcc/arm-none-eabi/6.3.1/../../../../arm-none-eabi/lib/thumb/v7e-m/fpv4-sp/hard/crt0.o (__libc_init_array)
c:/ac6/systemworkbench/plugins/fr.ac6.mcu.externaltools.arm-none.win32_1.15.0.201708311556/tools/compiler/bin/../lib/gcc/arm-none-eabi/6.3.1/../../../../arm-none-eabi/lib/thumb/v7e-m/fpv4-sp/hard\libc.a(lib_a-memset.o)
                              c:/ac6/systemworkbench/plugins/fr.ac6.mcu.externaltools.arm-none.win32_1.15.0.201708311556/tools/compiler/bin/../lib/gcc/arm-none-eabi/6.3.1/../../../../arm-none-eabi/lib/thumb/v7e-m/fpv4-sp/hard/crt0.o (memset)
c:/ac6/systemworkbench/plugins/fr.ac6.mcu.externaltools.arm-none.win32_1.15.0.201708311556/tools/compiler/bin/../lib/gcc/arm-none-eabi/6.3.1/../../../../arm-none-eabi/lib/thumb/v7e-m/fpv4-sp/hard\libc.a(lib_a-__call_atexit.o)
                              c:/ac6/systemworkbench/plugins/fr.ac6.mcu.externaltools.arm-none.win32_1.15.0.201708311556/tools/compiler/bin/../lib/gcc/arm-none-eabi/6.3.1/../../../../arm-none-eabi/lib/thumb/v7e-m/fpv4-sp/hard\libc.a(lib_a-exit.o) (__call_exitprocs)
c:/ac6/systemworkbench/plugins/fr.ac6.mcu.externaltools.arm-none.win32_1.15.0.201708311556/tools/compiler/bin/../lib/gcc/arm-none-eabi/6.3.1/../../../../arm-none-eabi/lib/thumb/v7e-m/fpv4-sp/hard\libc.a(lib_a-atexit.o)
                              c:/ac6/systemworkbench/plugins/fr.ac6.mcu.externaltools.arm-none.win32_1.15.0.201708311556/tools/compiler/bin/../lib/gcc/arm-none-eabi/6.3.1/../../../../arm-none-eabi/lib/thumb/v7e-m/fpv4-sp/hard\libc.a(lib_a-__call_atexit.o) (atexit)
c:/ac6/systemworkbench/plugins/fr.ac6.mcu.externaltools.arm-none.win32_1.15.0.201708311556/tools/compiler/bin/../lib/gcc/arm-none-eabi/6.3.1/../../../../arm-none-eabi/lib/thumb/v7e-m/fpv4-sp/hard\libc.a(lib_a-fini.o)
                              c:/ac6/systemworkbench/plugins/fr.ac6.mcu.externaltools.arm-none.win32_1.15.0.201708311556/tools/compiler/bin/../lib/gcc/arm-none-eabi/6.3.1/../../../../arm-none-eabi/lib/thumb/v7e-m/fpv4-sp/hard\libc.a(lib_a-__call_atexit.o) (__libc_fini_array)
c:/ac6/systemworkbench/plugins/fr.ac6.mcu.externaltools.arm-none.win32_1.15.0.201708311556/tools/compiler/bin/../lib/gcc/arm-none-eabi/6.3.1/../../../../arm-none-eabi/lib/thumb/v7e-m/fpv4-sp/hard\libc.a(lib_a-lock.o)
[...]
Memory Configuration

Name             Origin             Length             Attributes
FLASH            0x08000000         0x00200000         xr
RAM              0x20000000         0x00030000         xrw
CCMRAM           0x10000000         0x00010000         rw
*default*        0x00000000         0xffffffff

Linker script and memory map

LOAD c:/ac6/systemworkbench/plugins/fr.ac6.mcu.externaltools.arm-none.win32_1.15.0.201708311556/tools/compiler/bin/../lib/gcc/arm-none-eabi/6.3.1/thumb/v7e-m/fpv4-sp/hard/crti.o
LOAD c:/ac6/systemworkbench/plugins/fr.ac6.mcu.externaltools.arm-none.win32_1.15.0.201708311556/tools/compiler/bin/../lib/gcc/arm-none-eabi/6.3.1/thumb/v7e-m/fpv4-sp/hard/crtbegin.o
LOAD c:/ac6/systemworkbench/plugins/fr.ac6.mcu.externaltools.arm-none.win32_1.15.0.201708311556/tools/compiler/bin/../lib/gcc/arm-none-eabi/6.3.1/../../../../arm-none-eabi/lib/thumb/v7e-m/fpv4-sp/hard/crt0.o
LOAD StdPeriph_Driver/src/misc.o
LOAD StdPeriph_Driver/src/stm32f4xx_adc.o
LOAD StdPeriph_Driver/src/stm32f4xx_can.o
LOAD StdPeriph_Driver/src/stm32f4xx_crc.o
LOAD StdPeriph_Driver/src/stm32f4xx_cryp.o
LOAD StdPeriph_Driver/src/stm32f4xx_cryp_aes.o
LOAD StdPeriph_Driver/src/stm32f4xx_cryp_des.o
LOAD StdPeriph_Driver/src/stm32f4xx_cryp_tdes.o
LOAD StdPeriph_Driver/src/stm32f4xx_dac.o
LOAD StdPeriph_Driver/src/stm32f4xx_dbgmcu.o
LOAD StdPeriph_Driver/src/stm32f4xx_dcmi.o
LOAD StdPeriph_Driver/src/stm32f4xx_dma.o
LOAD StdPeriph_Driver/src/stm32f4xx_dma2d.o
LOAD StdPeriph_Driver/src/stm32f4xx_exti.o
LOAD StdPeriph_Driver/src/stm32f4xx_flash.o
LOAD StdPeriph_Driver/src/stm32f4xx_fmc.o
LOAD StdPeriph_Driver/src/stm32f4xx_gpio.o
LOAD StdPeriph_Driver/src/stm32f4xx_hash.o
LOAD StdPeriph_Driver/src/stm32f4xx_hash_md5.o
LOAD StdPeriph_Driver/src/stm32f4xx_hash_sha1.o
LOAD StdPeriph_Driver/src/stm32f4xx_i2c.o
LOAD StdPeriph_Driver/src/stm32f4xx_iwdg.o
LOAD StdPeriph_Driver/src/stm32f4xx_ltdc.o
LOAD StdPeriph_Driver/src/stm32f4xx_pwr.o
LOAD StdPeriph_Driver/src/stm32f4xx_rcc.o
LOAD StdPeriph_Driver/src/stm32f4xx_rng.o
LOAD StdPeriph_Driver/src/stm32f4xx_rtc.o
LOAD StdPeriph_Driver/src/stm32f4xx_sai.o
LOAD StdPeriph_Driver/src/stm32f4xx_sdio.o
LOAD StdPeriph_Driver/src/stm32f4xx_spi.o
LOAD StdPeriph_Driver/src/stm32f4xx_syscfg.o
LOAD StdPeriph_Driver/src/stm32f4xx_tim.o
LOAD StdPeriph_Driver/src/stm32f4xx_usart.o
LOAD StdPeriph_Driver/src/stm32f4xx_wwdg.o
LOAD Utilities/Common/fonts.o
LOAD Utilities/Common/lcd_log.o
LOAD Utilities/STM32F429I-Discovery/stm32f429i_discovery.o
LOAD Utilities/STM32F429I-Discovery/stm32f429i_discovery_ioe.o
LOAD Utilities/STM32F429I-Discovery/stm32f429i_discovery_l3gd20.o
LOAD Utilities/STM32F429I-Discovery/stm32f429i_discovery_lcd.o
LOAD Utilities/STM32F429I-Discovery/stm32f429i_discovery_sdram.o
LOAD src/halFunct.o
LOAD src/main.o
LOAD src/stm32f4xx_it.o
LOAD src/syscalls.o
LOAD src/system_stm32f4xx.o
LOAD startup/startup_stm32f429_439xx.o
LOAD C:\Users\FLL1GA\Documents\Luis Javier Flores\Tec de Monterrey\8vo Semestre\DSPs\HRTF_project\stm32f4\HRTF_test\lib\libarm_cortexM4lf_math.a
LOAD c:/ac6/systemworkbench/plugins/fr.ac6.mcu.externaltools.arm-none.win32_1.15.0.201708311556/tools/compiler/bin/../lib/gcc/arm-none-eabi/6.3.1/../../../../arm-none-eabi/lib/thumb/v7e-m/fpv4-sp/hard\libm.a
START GROUP
LOAD c:/ac6/systemworkbench/plugins/fr.ac6.mcu.externaltools.arm-none.win32_1.15.0.201708311556/tools/compiler/bin/../lib/gcc/arm-none-eabi/6.3.1/thumb/v7e-m/fpv4-sp/hard\libgcc.a
LOAD c:/ac6/systemworkbench/plugins/fr.ac6.mcu.externaltools.arm-none.win32_1.15.0.201708311556/tools/compiler/bin/../lib/gcc/arm-none-eabi/6.3.1/../../../../arm-none-eabi/lib/thumb/v7e-m/fpv4-sp/hard\libc.a
END GROUP
LOAD c:/ac6/systemworkbench/plugins/fr.ac6.mcu.externaltools.arm-none.win32_1.15.0.201708311556/tools/compiler/bin/../lib/gcc/arm-none-eabi/6.3.1/thumb/v7e-m/fpv4-sp/hard/crtend.o
LOAD c:/ac6/systemworkbench/plugins/fr.ac6.mcu.externaltools.arm-none.win32_1.15.0.201708311556/tools/compiler/bin/../lib/gcc/arm-none-eabi/6.3.1/thumb/v7e-m/fpv4-sp/hard/crtn.o
                0x20030000                _estack = 0x20030000
                0x00000200                _Min_Heap_Size = 0x200
                0x00000400                _Min_Stack_Size = 0x400

.isr_vector     0x08000000      0x1ac
                0x08000000                . = ALIGN (0x4)
 *(.isr_vector)
 .isr_vector    0x08000000      0x1ac startup/startup_stm32f429_439xx.o
                0x08000000                g_pfnVectors
                0x080001ac                . = ALIGN (0x4)

.text           0x080001ac     0x2098
                0x080001ac                . = ALIGN (0x4)
 *(.text)
 .text          0x080001ac       0x6c c:/ac6/systemworkbench/plugins/fr.ac6.mcu.externaltools.arm-none.win32_1.15.0.201708311556/tools/compiler/bin/../lib/gcc/arm-none-eabi/6.3.1/thumb/v7e-m/fpv4-sp/hard/crtbegin.o
 *(.text*)
 .text.NVIC_Init
                0x08000218       0xc4 StdPeriph_Driver/src/misc.o
                0x08000218                NVIC_Init
 .text.ADC_Init
                0x080002dc       0xac StdPeriph_Driver/src/stm32f4xx_adc.o
                0x080002dc                ADC_Init
 .text.ADC_CommonInit
                0x08000388       0x50 StdPeriph_Driver/src/stm32f4xx_adc.o
                0x08000388                ADC_CommonInit
 .text.ADC_Cmd  0x080003d8       0x38 StdPeriph_Driver/src/stm32f4xx_adc.o
                0x080003d8                ADC_Cmd
 .text.ADC_RegularChannelConfig
                0x08000410      0x194 StdPeriph_Driver/src/stm32f4xx_adc.o
                0x08000410                ADC_RegularChannelConfig
 .text.ADC_SoftwareStartConv
                0x080005a4       0x20 StdPeriph_Driver/src/stm32f4xx_adc.o
                0x080005a4                ADC_SoftwareStartConv
 .text.ADC_GetConversionValue
                0x080005c4       0x1a StdPeriph_Driver/src/stm32f4xx_adc.o
                0x080005c4                ADC_GetConversionValue
 .text.ADC_GetFlagStatus
                0x080005de       0x34 StdPeriph_Driver/src/stm32f4xx_adc.o
                0x080005de                ADC_GetFlagStatus
 *fill*         0x08000612        0x2 
 .text.DMA_DeInit
                0x08000614      0x1a8 StdPeriph_Driver/src/stm32f4xx_dma.o
                0x08000614                DMA_DeInit
 .text.DMA_Init
                0x080007bc       0xb0 StdPeriph_Driver/src/stm32f4xx_dma.o
                0x080007bc                DMA_Init
 .text.DMA_Cmd  0x0800086c       0x38 StdPeriph_Driver/src/stm32f4xx_dma.o
                0x0800086c                DMA_Cmd
 .text.DMA_DoubleBufferModeCmd
                0x080008a4       0x38 StdPeriph_Driver/src/stm32f4xx_dma.o
                0x080008a4                DMA_DoubleBufferModeCmd
 .text.DMA_MemoryTargetConfig
                0x080008dc       0x2c StdPeriph_Driver/src/stm32f4xx_dma.o
                0x080008dc                DMA_MemoryTargetConfig
 .text.DMA_ITConfig
                0x08000908       0x74 StdPeriph_Driver/src/stm32f4xx_dma.o
                0x08000908                DMA_ITConfig
 .text.DMA_GetITStatus
                0x0800097c       0xb0 StdPeriph_Driver/src/stm32f4xx_dma.o
                0x0800097c                DMA_GetITStatus
 .text.DMA_ClearITPendingBit
                0x08000a2c       0x5c StdPeriph_Driver/src/stm32f4xx_dma.o
                0x08000a2c                DMA_ClearITPendingBit
 .text.GPIO_Init
                0x08000a88      0x11c StdPeriph_Driver/src/stm32f4xx_gpio.o
                0x08000a88                GPIO_Init
 .text.GPIO_PinAFConfig
                0x08000ba4       0x92 StdPeriph_Driver/src/stm32f4xx_gpio.o
                0x08000ba4                GPIO_PinAFConfig
 *fill*         0x08000c36        0x2 
 .text.RCC_GetClocksFreq
                0x08000c38      0x150 StdPeriph_Driver/src/stm32f4xx_rcc.o
                0x08000c38                RCC_GetClocksFreq
 .text.RCC_AHB1PeriphClockCmd
                0x08000d88       0x40 StdPeriph_Driver/src/stm32f4xx_rcc.o
                0x08000d88                RCC_AHB1PeriphClockCmd
 .text.RCC_APB1PeriphClockCmd
                0x08000dc8       0x40 StdPeriph_Driver/src/stm32f4xx_rcc.o
                0x08000dc8                RCC_APB1PeriphClockCmd
 .text.RCC_APB2PeriphClockCmd
                0x08000e08       0x40 StdPeriph_Driver/src/stm32f4xx_rcc.o
                0x08000e08                RCC_APB2PeriphClockCmd
 .text.USART_Init
                0x08000e48      0x174 StdPeriph_Driver/src/stm32f4xx_usart.o
                0x08000e48                USART_Init
 .text.USART_Cmd
                0x08000fbc       0x40 StdPeriph_Driver/src/stm32f4xx_usart.o
                0x08000fbc                USART_Cmd
 .text.USART_DMACmd
                0x08000ffc       0x48 StdPeriph_Driver/src/stm32f4xx_usart.o
                0x08000ffc                USART_DMACmd
 .text.RCC_Configuration
                0x08001044       0x2e src/halFunct.o
                0x08001044                RCC_Configuration
 *fill*         0x08001072        0x2 
 .text.GPIO_Configuration
                0x08001074       0x48 src/halFunct.o
                0x08001074                GPIO_Configuration
 .text.UART_Configuration
                0x080010bc       0x70 src/halFunct.o
                0x080010bc                UART_Configuration
 .text.DMA_Tx_Configuration
                0x0800112c       0x8c src/halFunct.o
                0x0800112c                DMA_Tx_Configuration
 .text.NVIC_DMA_Tx_Configuration
                0x080011b8       0x26 src/halFunct.o
                0x080011b8                NVIC_DMA_Tx_Configuration
 *fill*         0x080011de        0x2 
 .text.DMA_Rx_Configuration
                0x080011e0       0xac src/halFunct.o
                0x080011e0                DMA_Rx_Configuration
 .text.NVIC_DMA_Rx_Configuration
                0x0800128c       0x26 src/halFunct.o
                0x0800128c                NVIC_DMA_Rx_Configuration
 .text.convert_16bits_to_8bits
                0x080012b2       0x66 src/halFunct.o
                0x080012b2                convert_16bits_to_8bits
 .text.convert_8bits_to_16bits
                0x08001318       0x66 src/halFunct.o
                0x08001318                convert_8bits_to_16bits
 *fill*         0x0800137e        0x2 
 .text.format_Tx_Block_Stereo
                0x08001380       0xd8 src/halFunct.o
                0x08001380                format_Tx_Block_Stereo
 .text.sendBlockDMA
                0x08001458       0x24 src/halFunct.o
                0x08001458                sendBlockDMA
 .text.ADC_getValue
                0x0800147c       0x2c src/halFunct.o
                0x0800147c                ADC_getValue
 .text.get_angle
                0x080014a8       0x34 src/halFunct.o
                0x080014a8                get_angle
 .text.ADC_Config
                0x080014dc       0x98 src/halFunct.o
                0x080014dc                ADC_Config
 .text.main     0x08001574      0x17c src/main.o
                0x08001574                main
 .text.NMI_Handler
                0x080016f0        0xe src/stm32f4xx_it.o
                0x080016f0                NMI_Handler
 .text.HardFault_Handler
                0x080016fe        0x6 src/stm32f4xx_it.o
                0x080016fe                HardFault_Handler
 .text.MemManage_Handler
                0x08001704        0x6 src/stm32f4xx_it.o
                0x08001704                MemManage_Handler
 .text.BusFault_Handler
                0x0800170a        0x6 src/stm32f4xx_it.o
                0x0800170a                BusFault_Handler
 .text.UsageFault_Handler
                0x08001710        0x6 src/stm32f4xx_it.o
                0x08001710                UsageFault_Handler
 .text.SVC_Handler
                0x08001716        0xe src/stm32f4xx_it.o
                0x08001716                SVC_Handler
 .text.DebugMon_Handler
                0x08001724        0xe src/stm32f4xx_it.o
                0x08001724                DebugMon_Handler
 .text.PendSV_Handler
                0x08001732        0xe src/stm32f4xx_it.o
                0x08001732                PendSV_Handler
 .text.SysTick_Handler
                0x08001740        0xe src/stm32f4xx_it.o
                0x08001740                SysTick_Handler
 *fill*         0x0800174e        0x2 
 .text.DMA1_Stream7_IRQHandler
                0x08001750       0x5c src/stm32f4xx_it.o
                0x08001750                DMA1_Stream7_IRQHandler
 .text.DMA1_Stream2_IRQHandler
                0x080017ac       0x44 src/stm32f4xx_it.o
                0x080017ac                DMA1_Stream2_IRQHandler
 .text.SystemInit
                0x080017f0       0x6c src/system_stm32f4xx.o
                0x080017f0                SystemInit
 .text.SetSysClock
                0x0800185c       0xf8 src/system_stm32f4xx.o
 .text.Reset_Handler
                0x08001954       0x48 startup/startup_stm32f429_439xx.o
                0x08001954                Reset_Handler
 .text.Default_Handler
                0x0800199c        0x2 startup/startup_stm32f429_439xx.o
                0x0800199c                RTC_Alarm_IRQHandler
                0x0800199c                HASH_RNG_IRQHandler
                0x0800199c                EXTI2_IRQHandler
                0x0800199c                TIM8_CC_IRQHandler
                0x0800199c                UART8_IRQHandler
                0x0800199c                SPI4_IRQHandler
                0x0800199c                TIM1_CC_IRQHandler
                0x0800199c                DMA2_Stream5_IRQHandler
                0x0800199c                DMA1_Stream5_IRQHandler
                0x0800199c                PVD_IRQHandler
                0x0800199c                SDIO_IRQHandler
                0x0800199c                TAMP_STAMP_IRQHandler
                0x0800199c                CAN2_RX1_IRQHandler
                0x0800199c                EXTI3_IRQHandler
                0x0800199c                TIM8_TRG_COM_TIM14_IRQHandler
                0x0800199c                TIM1_UP_TIM10_IRQHandler
                0x0800199c                TIM8_UP_TIM13_IRQHandler
                0x0800199c                I2C3_ER_IRQHandler
                0x0800199c                EXTI0_IRQHandler
                0x0800199c                I2C2_EV_IRQHandler
                0x0800199c                CAN1_RX0_IRQHandler
                0x0800199c                FPU_IRQHandler
                0x0800199c                OTG_HS_WKUP_IRQHandler
                0x0800199c                LTDC_ER_IRQHandler
                0x0800199c                CAN2_SCE_IRQHandler
                0x0800199c                DMA2_Stream2_IRQHandler
                0x0800199c                SPI1_IRQHandler
                0x0800199c                TIM6_DAC_IRQHandler
                0x0800199c                TIM1_BRK_TIM9_IRQHandler
                0x0800199c                DCMI_IRQHandler
                0x0800199c                CAN2_RX0_IRQHandler
                0x0800199c                DMA2_Stream3_IRQHandler
                0x0800199c                USART6_IRQHandler
                0x0800199c                USART3_IRQHandler
                0x0800199c                CRYP_IRQHandler
                0x0800199c                CAN1_RX1_IRQHandler
                0x0800199c                UART5_IRQHandler
                0x0800199c                DMA2_Stream0_IRQHandler
                0x0800199c                TIM4_IRQHandler
                0x0800199c                I2C1_EV_IRQHandler
                0x0800199c                DMA1_Stream6_IRQHandler
                0x0800199c                DMA1_Stream1_IRQHandler
                0x0800199c                UART4_IRQHandler
                0x0800199c                TIM3_IRQHandler
                0x0800199c                RCC_IRQHandler
                0x0800199c                TIM8_BRK_TIM12_IRQHandler
                0x0800199c                Default_Handler
                0x0800199c                EXTI15_10_IRQHandler
                0x0800199c                ADC_IRQHandler
                0x0800199c                SPI5_IRQHandler
                0x0800199c                TIM7_IRQHandler
                0x0800199c                CAN2_TX_IRQHandler
                0x0800199c                TIM5_IRQHandler
                0x0800199c                DMA2_Stream7_IRQHandler
                0x0800199c                I2C3_EV_IRQHandler
                0x0800199c                EXTI9_5_IRQHandler
                0x0800199c                RTC_WKUP_IRQHandler
                0x0800199c                LTDC_IRQHandler
                0x0800199c                ETH_WKUP_IRQHandler
                0x0800199c                SPI2_IRQHandler
                0x0800199c                OTG_HS_EP1_IN_IRQHandler
                0x0800199c                DMA1_Stream0_IRQHandler
                0x0800199c                CAN1_TX_IRQHandler
                0x0800199c                EXTI4_IRQHandler
                0x0800199c                FSMC_IRQHandler
                0x0800199c                ETH_IRQHandler
                0x0800199c                OTG_HS_EP1_OUT_IRQHandler
                0x0800199c                WWDG_IRQHandler
                0x0800199c                SPI6_IRQHandler
                0x0800199c                TIM2_IRQHandler
                0x0800199c                OTG_FS_WKUP_IRQHandler
                0x0800199c                TIM1_TRG_COM_TIM11_IRQHandler
                0x0800199c                OTG_HS_IRQHandler
                0x0800199c                DMA2D_IRQHandler
                0x0800199c                EXTI1_IRQHandler
                0x0800199c                UART7_IRQHandler
                0x0800199c                USART2_IRQHandler
                0x0800199c                I2C2_ER_IRQHandler
                0x0800199c                DMA2_Stream1_IRQHandler
                0x0800199c                CAN1_SCE_IRQHandler
                0x0800199c                FLASH_IRQHandler
                0x0800199c                DMA2_Stream4_IRQHandler
                0x0800199c                USART1_IRQHandler
                0x0800199c                OTG_FS_IRQHandler
                0x0800199c                SPI3_IRQHandler
                0x0800199c                DMA1_Stream4_IRQHandler
                0x0800199c                I2C1_ER_IRQHandler
                0x0800199c                DMA2_Stream6_IRQHandler
                0x0800199c                SAI1_IRQHandler
                0x0800199c                DMA1_Stream3_IRQHandler
 *fill*         0x0800199e        0x2 
 .text.arm_q15_to_float
                0x080019a0       0xa0 C:\Users\FLL1GA\Documents\Luis Javier Flores\Tec de Monterrey\8vo Semestre\DSPs\HRTF_project\stm32f4\HRTF_test\lib\libarm_cortexM4lf_math.a(arm_q15_to_float.o)
                0x080019a0                arm_q15_to_float
 .text.arm_float_to_q15
                0x08001a40      0x12c C:\Users\FLL1GA\Documents\Luis Javier Flores\Tec de Monterrey\8vo Semestre\DSPs\HRTF_project\stm32f4\HRTF_test\lib\libarm_cortexM4lf_math.a(arm_float_to_q15.o)
                0x08001a40                arm_float_to_q15
 .text.arm_fir_init_f32
                0x08001b6c       0x24 C:\Users\FLL1GA\Documents\Luis Javier Flores\Tec de Monterrey\8vo Semestre\DSPs\HRTF_project\stm32f4\HRTF_test\lib\libarm_cortexM4lf_math.a(arm_fir_init_f32.o)
                0x08001b6c                arm_fir_init_f32
 .text.arm_fir_f32
                0x08001b90      0x490 C:\Users\FLL1GA\Documents\Luis Javier Flores\Tec de Monterrey\8vo Semestre\DSPs\HRTF_project\stm32f4\HRTF_test\lib\libarm_cortexM4lf_math.a(arm_fir_f32.o)
                0x08001b90                arm_fir_f32
 .text.__libc_init_array
                0x08002020       0x50 c:/ac6/systemworkbench/plugins/fr.ac6.mcu.externaltools.arm-none.win32_1.15.0.201708311556/tools/compiler/bin/../lib/gcc/arm-none-eabi/6.3.1/../../../../arm-none-eabi/lib/thumb/v7e-m/fpv4-sp/hard\libc.a(lib_a-init.o)
                0x08002020                __libc_init_array
 .text.memset   0x08002070       0x9c c:/ac6/systemworkbench/plugins/fr.ac6.mcu.externaltools.arm-none.win32_1.15.0.201708311556/tools/compiler/bin/../lib/gcc/arm-none-eabi/6.3.1/../../../../arm-none-eabi/lib/thumb/v7e-m/fpv4-sp/hard\libc.a(lib_a-memset.o)
                0x08002070                memset
 .text.startup.register_fini
                0x0800210c       0x14 c:/ac6/systemworkbench/plugins/fr.ac6.mcu.externaltools.arm-none.win32_1.15.0.201708311556/tools/compiler/bin/../lib/gcc/arm-none-eabi/6.3.1/../../../../arm-none-eabi/lib/thumb/v7e-m/fpv4-sp/hard\libc.a(lib_a-__call_atexit.o)
 .text.atexit   0x08002120        0xc c:/ac6/systemworkbench/plugins/fr.ac6.mcu.externaltools.arm-none.win32_1.15.0.201708311556/tools/compiler/bin/../lib/gcc/arm-none-eabi/6.3.1/../../../../arm-none-eabi/lib/thumb/v7e-m/fpv4-sp/hard\libc.a(lib_a-atexit.o)
                0x08002120                atexit
 .text.__libc_fini_array
                0x0800212c       0x34 c:/ac6/systemworkbench/plugins/fr.ac6.mcu.externaltools.arm-none.win32_1.15.0.201708311556/tools/compiler/bin/../lib/gcc/arm-none-eabi/6.3.1/../../../../arm-none-eabi/lib/thumb/v7e-m/fpv4-sp/hard\libc.a(lib_a-fini.o)
                0x0800212c                __libc_fini_array
 .text.__retarget_lock_acquire_recursive
                0x08002160        0x4 c:/ac6/systemworkbench/plugins/fr.ac6.mcu.externaltools.arm-none.win32_1.15.0.201708311556/tools/compiler/bin/../lib/gcc/arm-none-eabi/6.3.1/../../../../arm-none-eabi/lib/thumb/v7e-m/fpv4-sp/hard\libc.a(lib_a-lock.o)
                0x08002160                __retarget_lock_acquire_recursive
 .text.__retarget_lock_release_recursive
                0x08002164        0x4 c:/ac6/systemworkbench/plugins/fr.ac6.mcu.externaltools.arm-none.win32_1.15.0.201708311556/tools/compiler/bin/../lib/gcc/arm-none-eabi/6.3.1/../../../../arm-none-eabi/lib/thumb/v7e-m/fpv4-sp/hard\libc.a(lib_a-lock.o)
                0x08002164                __retarget_lock_release_recursive
 .text.__register_exitproc
                0x08002168       0xc4 c:/ac6/systemworkbench/plugins/fr.ac6.mcu.externaltools.arm-none.win32_1.15.0.201708311556/tools/compiler/bin/../lib/gcc/arm-none-eabi/6.3.1/../../../../arm-none-eabi/lib/thumb/v7e-m/fpv4-sp/hard\libc.a(lib_a-__atexit.o)
                0x08002168                __register_exitproc
 *(.glue_7)
 .glue_7        0x0800222c        0x0 linker stubs
 *(.glue_7t)
 .glue_7t       0x0800222c        0x0 linker stubs
 *(.eh_frame)
 .eh_frame      0x0800222c        0x0 c:/ac6/systemworkbench/plugins/fr.ac6.mcu.externaltools.arm-none.win32_1.15.0.201708311556/tools/compiler/bin/../lib/gcc/arm-none-eabi/6.3.1/thumb/v7e-m/fpv4-sp/hard/crtbegin.o
 *(.init)
 .init          0x0800222c        0x4 c:/ac6/systemworkbench/plugins/fr.ac6.mcu.externaltools.arm-none.win32_1.15.0.201708311556/tools/compiler/bin/../lib/gcc/arm-none-eabi/6.3.1/thumb/v7e-m/fpv4-sp/hard/crti.o
                0x0800222c                _init
 .init          0x08002230        0x8 c:/ac6/systemworkbench/plugins/fr.ac6.mcu.externaltools.arm-none.win32_1.15.0.201708311556/tools/compiler/bin/../lib/gcc/arm-none-eabi/6.3.1/thumb/v7e-m/fpv4-sp/hard/crtn.o
 *(.fini)
 .fini          0x08002238        0x4 c:/ac6/systemworkbench/plugins/fr.ac6.mcu.externaltools.arm-none.win32_1.15.0.201708311556/tools/compiler/bin/../lib/gcc/arm-none-eabi/6.3.1/thumb/v7e-m/fpv4-sp/hard/crti.o
                0x08002238                _fini
 .fini          0x0800223c        0x8 c:/ac6/systemworkbench/plugins/fr.ac6.mcu.externaltools.arm-none.win32_1.15.0.201708311556/tools/compiler/bin/../lib/gcc/arm-none-eabi/6.3.1/thumb/v7e-m/fpv4-sp/hard/crtn.o
                0x08002244                . = ALIGN (0x4)
                0x08002244                _etext = .

.vfp11_veneer   0x08002244        0x0
 .vfp11_veneer  0x08002244        0x0 linker stubs

.v4_bx          0x08002244        0x0
 .v4_bx         0x08002244        0x0 linker stubs

.iplt           0x08002244        0x0
 .iplt          0x08002244        0x0 c:/ac6/systemworkbench/plugins/fr.ac6.mcu.externaltools.arm-none.win32_1.15.0.201708311556/tools/compiler/bin/../lib/gcc/arm-none-eabi/6.3.1/thumb/v7e-m/fpv4-sp/hard/crtbegin.o

.rodata         0x08002244     0x940c
                0x08002244                . = ALIGN (0x4)
 *(.rodata)
 .rodata        0x08002244        0x7 src/halFunct.o
 *fill*         0x0800224b        0x1 
 .rodata        0x0800224c     0x9400 src/main.o
                0x0800224c                left
                0x08006c4c                right
 *(.rodata*)
 .rodata._global_impure_ptr
                0x0800b64c        0x4 c:/ac6/systemworkbench/plugins/fr.ac6.mcu.externaltools.arm-none.win32_1.15.0.201708311556/tools/compiler/bin/../lib/gcc/arm-none-eabi/6.3.1/../../../../arm-none-eabi/lib/thumb/v7e-m/fpv4-sp/hard\libc.a(lib_a-impure.o)
                0x0800b64c                _global_impure_ptr
                0x0800b650                . = ALIGN (0x4)

.rel.dyn        0x0800b650        0x0
 .rel.iplt      0x0800b650        0x0 c:/ac6/systemworkbench/plugins/fr.ac6.mcu.externaltools.arm-none.win32_1.15.0.201708311556/tools/compiler/bin/../lib/gcc/arm-none-eabi/6.3.1/thumb/v7e-m/fpv4-sp/hard/crtbegin.o

.ARM.extab
 *(.ARM.extab* .gnu.linkonce.armextab.*)

.ARM            0x0800b650        0x0
                0x0800b650                __exidx_start = .
 *(.ARM.exidx*)
                0x0800b650                __exidx_end = .

.preinit_array  0x0800b650        0x0
                0x0800b650                PROVIDE (__preinit_array_start, .)
 *(.preinit_array*)
                0x0800b650                PROVIDE (__preinit_array_end, .)

.init_array     0x0800b650        0x8
                0x0800b650                PROVIDE (__init_array_start, .)
 *(SORT(.init_array.*))
 .init_array.00000
                0x0800b650        0x4 c:/ac6/systemworkbench/plugins/fr.ac6.mcu.externaltools.arm-none.win32_1.15.0.201708311556/tools/compiler/bin/../lib/gcc/arm-none-eabi/6.3.1/../../../../arm-none-eabi/lib/thumb/v7e-m/fpv4-sp/hard\libc.a(lib_a-__call_atexit.o)
 *(.init_array*)
 .init_array    0x0800b654        0x4 c:/ac6/systemworkbench/plugins/fr.ac6.mcu.externaltools.arm-none.win32_1.15.0.201708311556/tools/compiler/bin/../lib/gcc/arm-none-eabi/6.3.1/thumb/v7e-m/fpv4-sp/hard/crtbegin.o
                0x0800b658                PROVIDE (__init_array_end, .)

.fini_array     0x0800b658        0x4
                0x0800b658                PROVIDE (__fini_array_start, .)
 *(SORT(.fini_array.*))
 *(.fini_array*)
 .fini_array    0x0800b658        0x4 c:/ac6/systemworkbench/plugins/fr.ac6.mcu.externaltools.arm-none.win32_1.15.0.201708311556/tools/compiler/bin/../lib/gcc/arm-none-eabi/6.3.1/thumb/v7e-m/fpv4-sp/hard/crtbegin.o
                0x0800b65c                PROVIDE (__fini_array_end, .)
                0x0800b65c                _sidata = LOADADDR (.data)

.data           0x20000000      0x454 load address 0x0800b65c
                0x20000000                . = ALIGN (0x4)
                0x20000000                _sdata = .
 *(.data)
 .data          0x20000000       0x10 StdPeriph_Driver/src/stm32f4xx_rcc.o
 .data          0x20000010       0x11 src/main.o
                0x20000010                uartRxBuffer_8bits
                0x20000018                uartTxBuffer_8bits
                0x20000020                current_memory_in
 *(.data*)
 *fill*         0x20000021        0x7 
 .data.impure_data
                0x20000028      0x428 c:/ac6/systemworkbench/plugins/fr.ac6.mcu.externaltools.arm-none.win32_1.15.0.201708311556/tools/compiler/bin/../lib/gcc/arm-none-eabi/6.3.1/../../../../arm-none-eabi/lib/thumb/v7e-m/fpv4-sp/hard\libc.a(lib_a-impure.o)
 .data.__atexit_recursive_mutex
                0x20000450        0x4 c:/ac6/systemworkbench/plugins/fr.ac6.mcu.externaltools.arm-none.win32_1.15.0.201708311556/tools/compiler/bin/../lib/gcc/arm-none-eabi/6.3.1/../../../../arm-none-eabi/lib/thumb/v7e-m/fpv4-sp/hard\libc.a(lib_a-__call_atexit.o)
                0x20000450                __atexit_recursive_mutex
                0x20000454                . = ALIGN (0x4)
                0x20000454                _edata = .
                0x0800bab0                _siccmram = LOADADDR (.ccmram)

.jcr            0x20000454        0x0 load address 0x0800bab0
 .jcr           0x20000454        0x0 c:/ac6/systemworkbench/plugins/fr.ac6.mcu.externaltools.arm-none.win32_1.15.0.201708311556/tools/compiler/bin/../lib/gcc/arm-none-eabi/6.3.1/thumb/v7e-m/fpv4-sp/hard/crtbegin.o

.igot.plt       0x20000454        0x0 load address 0x0800bab0
 .igot.plt      0x20000454        0x0 c:/ac6/systemworkbench/plugins/fr.ac6.mcu.externaltools.arm-none.win32_1.15.0.201708311556/tools/compiler/bin/../lib/gcc/arm-none-eabi/6.3.1/thumb/v7e-m/fpv4-sp/hard/crtbegin.o

.ccmram         0x10000000        0x0 load address 0x0800bab0
                0x10000000                . = ALIGN (0x4)
                0x10000000                _sccmram = .
 *(.ccmram)
 *(.ccmram*)
                0x10000000                . = ALIGN (0x4)
                0x10000000                _eccmram = .
                0x10000000                . = ALIGN (0x4)

.bss            0x20000454     0x5e64
                0x20000454                _sbss = .
                0x20000454                __bss_start__ = _sbss
 *(.bss)
 .bss           0x20000454       0x1c c:/ac6/systemworkbench/plugins/fr.ac6.mcu.externaltools.arm-none.win32_1.15.0.201708311556/tools/compiler/bin/../lib/gcc/arm-none-eabi/6.3.1/thumb/v7e-m/fpv4-sp/hard/crtbegin.o
 .bss           0x20000470       0x1b src/main.o
                0x20000470                fir_struct_right_channel
                0x2000047c                fir_struct_left_channel
                0x20000488                send_dma
                0x20000489                memory_full
                0x2000048a                current_memory_out
 *(.bss*)
 *(COMMON)
 *fill*         0x2000048b        0x1 
 COMMON         0x2000048c     0x5e08 src/main.o
                0x2000048c                uartTxBuffer_8bits1
                0x20000e94                fir_states_left_channel
                0x20001a90                uartRxBuffer_8bits2
                0x20001f90                data_in_buffer_float
                0x20002990                data_out_buffer_16bits
                0x20002e90                uartTxBuffer_8bits2
                0x20003898                data_out_buffer_8bits_left
                0x20003d98                uartRxBuffer_8bits1
                0x20004298                data_out_buffer_8bits_right
                0x20004798                data_out_buffer_float
                0x20005198                data_in_buffer_16bits
                0x20005698                fir_states_right_channel
 COMMON         0x20006294       0x21 c:/ac6/systemworkbench/plugins/fr.ac6.mcu.externaltools.arm-none.win32_1.15.0.201708311556/tools/compiler/bin/../lib/gcc/arm-none-eabi/6.3.1/../../../../arm-none-eabi/lib/thumb/v7e-m/fpv4-sp/hard\libc.a(lib_a-lock.o)
                0x20006294                __lock___atexit_recursive_mutex
                0x20006298                __lock___arc4random_mutex
                0x2000629c                __lock___env_recursive_mutex
                0x200062a0                __lock___sinit_recursive_mutex
                0x200062a4                __lock___malloc_recursive_mutex
                0x200062a8                __lock___at_quick_exit_mutex
                0x200062ac                __lock___dd_hash_mutex
                0x200062b0                __lock___tz_mutex
                0x200062b4                __lock___sfp_recursive_mutex
                0x200062b8                . = ALIGN (0x4)
 *fill*         0x200062b5        0x3 
                0x200062b8                _ebss = .
                0x200062b8                __bss_end__ = _ebss

._user_heap_stack
                0x200062b8      0x600
                0x200062b8                . = ALIGN (0x8)
                0x200062b8                PROVIDE (end, .)
                [!provide]                PROVIDE (_end, .)
                0x200064b8                . = (. + _Min_Heap_Size)
 *fill*         0x200062b8      0x200 
                0x200068b8                . = (. + _Min_Stack_Size)
 *fill*         0x200064b8      0x400 
                0x200068b8                . = ALIGN (0x8)

/DISCARD/
 libc.a(*)
 libm.a(*)
 libgcc.a(*)

.ARM.attributes
                0x00000000       0x2e
 *(.ARM.attributes)
 .ARM.attributes
                0x00000000       0x22 c:/ac6/systemworkbench/plugins/fr.ac6.mcu.externaltools.arm-none.win32_1.15.0.201708311556/tools/compiler/bin/../lib/gcc/arm-none-eabi/6.3.1/thumb/v7e-m/fpv4-sp/hard/crti.o
 .ARM.attributes
                0x00000022       0x34 c:/ac6/systemworkbench/plugins/fr.ac6.mcu.externaltools.arm-none.win32_1.15.0.201708311556/tools/compiler/bin/../lib/gcc/arm-none-eabi/6.3.1/thumb/v7e-m/fpv4-sp/hard/crtbegin.o
 .ARM.attributes
                0x00000056       0x39 StdPeriph_Driver/src/misc.o
 .ARM.attributes
                0x0000008f       0x39 StdPeriph_Driver/src/stm32f4xx_adc.o
 .ARM.attributes
                0x000000c8       0x39 StdPeriph_Driver/src/stm32f4xx_dma.o
 .ARM.attributes
                0x00000101       0x39 StdPeriph_Driver/src/stm32f4xx_gpio.o
 .ARM.attributes
                0x0000013a       0x39 StdPeriph_Driver/src/stm32f4xx_rcc.o
 .ARM.attributes
                0x00000173       0x39 StdPeriph_Driver/src/stm32f4xx_usart.o
 .ARM.attributes
                0x000001ac       0x39 src/halFunct.o
 .ARM.attributes
                0x000001e5       0x39 src/main.o
 .ARM.attributes
                0x0000021e       0x39 src/stm32f4xx_it.o
 .ARM.attributes
                0x00000257       0x39 src/system_stm32f4xx.o
 .ARM.attributes
                0x00000290       0x21 startup/startup_stm32f429_439xx.o
 .ARM.attributes
                0x000002b1       0x39 C:\Users\FLL1GA\Documents\Luis Javier Flores\Tec de Monterrey\8vo Semestre\DSPs\HRTF_project\stm32f4\HRTF_test\lib\libarm_cortexM4lf_math.a(arm_q15_to_float.o)
 .ARM.attributes
                0x000002ea       0x39 C:\Users\FLL1GA\Documents\Luis Javier Flores\Tec de Monterrey\8vo Semestre\DSPs\HRTF_project\stm32f4\HRTF_test\lib\libarm_cortexM4lf_math.a(arm_float_to_q15.o)
 .ARM.attributes
                0x00000323       0x39 C:\Users\FLL1GA\Documents\Luis Javier Flores\Tec de Monterrey\8vo Semestre\DSPs\HRTF_project\stm32f4\HRTF_test\lib\libarm_cortexM4lf_math.a(arm_fir_init_f32.o)
 .ARM.attributes
                0x0000035c       0x39 C:\Users\FLL1GA\Documents\Luis Javier Flores\Tec de Monterrey\8vo Semestre\DSPs\HRTF_project\stm32f4\HRTF_test\lib\libarm_cortexM4lf_math.a(arm_fir_f32.o)
 .ARM.attributes
                0x00000395       0x34 c:/ac6/systemworkbench/plugins/fr.ac6.mcu.externaltools.arm-none.win32_1.15.0.201708311556/tools/compiler/bin/../lib/gcc/arm-none-eabi/6.3.1/../../../../arm-none-eabi/lib/thumb/v7e-m/fpv4-sp/hard\libc.a(lib_a-impure.o)
 .ARM.attributes
                0x000003c9       0x34 c:/ac6/systemworkbench/plugins/fr.ac6.mcu.externaltools.arm-none.win32_1.15.0.201708311556/tools/compiler/bin/../lib/gcc/arm-none-eabi/6.3.1/../../../../arm-none-eabi/lib/thumb/v7e-m/fpv4-sp/hard\libc.a(lib_a-init.o)
 .ARM.attributes
                0x000003fd       0x34 c:/ac6/systemworkbench/plugins/fr.ac6.mcu.externaltools.arm-none.win32_1.15.0.201708311556/tools/compiler/bin/../lib/gcc/arm-none-eabi/6.3.1/../../../../arm-none-eabi/lib/thumb/v7e-m/fpv4-sp/hard\libc.a(lib_a-memset.o)
 .ARM.attributes
                0x00000431       0x34 c:/ac6/systemworkbench/plugins/fr.ac6.mcu.externaltools.arm-none.win32_1.15.0.201708311556/tools/compiler/bin/../lib/gcc/arm-none-eabi/6.3.1/../../../../arm-none-eabi/lib/thumb/v7e-m/fpv4-sp/hard\libc.a(lib_a-__call_atexit.o)
 .ARM.attributes
                0x00000465       0x34 c:/ac6/systemworkbench/plugins/fr.ac6.mcu.externaltools.arm-none.win32_1.15.0.201708311556/tools/compiler/bin/../lib/gcc/arm-none-eabi/6.3.1/../../../../arm-none-eabi/lib/thumb/v7e-m/fpv4-sp/hard\libc.a(lib_a-atexit.o)
 .ARM.attributes
                0x00000499       0x34 c:/ac6/systemworkbench/plugins/fr.ac6.mcu.externaltools.arm-none.win32_1.15.0.201708311556/tools/compiler/bin/../lib/gcc/arm-none-eabi/6.3.1/../../../../arm-none-eabi/lib/thumb/v7e-m/fpv4-sp/hard\libc.a(lib_a-fini.o)
 .ARM.attributes
                0x000004cd       0x34 c:/ac6/systemworkbench/plugins/fr.ac6.mcu.externaltools.arm-none.win32_1.15.0.201708311556/tools/compiler/bin/../lib/gcc/arm-none-eabi/6.3.1/../../../../arm-none-eabi/lib/thumb/v7e-m/fpv4-sp/hard\libc.a(lib_a-lock.o)
 .ARM.attributes
                0x00000501       0x34 c:/ac6/systemworkbench/plugins/fr.ac6.mcu.externaltools.arm-none.win32_1.15.0.201708311556/tools/compiler/bin/../lib/gcc/arm-none-eabi/6.3.1/../../../../arm-none-eabi/lib/thumb/v7e-m/fpv4-sp/hard\libc.a(lib_a-__atexit.o)
 .ARM.attributes
                0x00000535       0x22 c:/ac6/systemworkbench/plugins/fr.ac6.mcu.externaltools.arm-none.win32_1.15.0.201708311556/tools/compiler/bin/../lib/gcc/arm-none-eabi/6.3.1/thumb/v7e-m/fpv4-sp/hard/crtn.o
OUTPUT(HRTF_test.elf elf32-littlearm)

.debug_info     0x00000000     0x6edd
 .debug_info    0x00000000      0x551 StdPeriph_Driver/src/misc.o
 .debug_info    0x00000551      0xc53 StdPeriph_Driver/src/stm32f4xx_adc.o
 .debug_info    0x000011a4      0x750 StdPeriph_Driver/src/stm32f4xx_dma.o
 .debug_info    0x000018f4      0x62c StdPeriph_Driver/src/stm32f4xx_gpio.o
 .debug_info    0x00001f20      0xe3a StdPeriph_Driver/src/stm32f4xx_rcc.o
 .debug_info    0x00002d5a      0x9d9 StdPeriph_Driver/src/stm32f4xx_usart.o
 .debug_info    0x00003733      0xfd4 src/halFunct.o
 .debug_info    0x00004707      0xc8a src/main.o
 .debug_info    0x00005391      0xbc4 src/stm32f4xx_it.o
 .debug_info    0x00005f55      0x5fb src/system_stm32f4xx.o
 .debug_info    0x00006550       0xbe startup/startup_stm32f429_439xx.o
 .debug_info    0x0000660e      0x145 C:\Users\FLL1GA\Documents\Luis Javier Flores\Tec de Monterrey\8vo Semestre\DSPs\HRTF_project\stm32f4\HRTF_test\lib\libarm_cortexM4lf_math.a(arm_q15_to_float.o)
 .debug_info    0x00006753      0x24d C:\Users\FLL1GA\Documents\Luis Javier Flores\Tec de Monterrey\8vo Semestre\DSPs\HRTF_project\stm32f4\HRTF_test\lib\libarm_cortexM4lf_math.a(arm_float_to_q15.o)
 .debug_info    0x000069a0      0x1b9 C:\Users\FLL1GA\Documents\Luis Javier Flores\Tec de Monterrey\8vo Semestre\DSPs\HRTF_project\stm32f4\HRTF_test\lib\libarm_cortexM4lf_math.a(arm_fir_init_f32.o)
 .debug_info    0x00006b59      0x384 C:\Users\FLL1GA\Documents\Luis Javier Flores\Tec de Monterrey\8vo Semestre\DSPs\HRTF_project\stm32f4\HRTF_test\lib\libarm_cortexM4lf_math.a(arm_fir_f32.o)

.debug_abbrev   0x00000000     0x13fa
 .debug_abbrev  0x00000000      0x175 StdPeriph_Driver/src/misc.o
 .debug_abbrev  0x00000175      0x1ae StdPeriph_Driver/src/stm32f4xx_adc.o
 .debug_abbrev  0x00000323      0x16b StdPeriph_Driver/src/stm32f4xx_dma.o
 .debug_abbrev  0x0000048e      0x1bb StdPeriph_Driver/src/stm32f4xx_gpio.o
 .debug_abbrev  0x00000649      0x1d2 StdPeriph_Driver/src/stm32f4xx_rcc.o
 .debug_abbrev  0x0000081b      0x185 StdPeriph_Driver/src/stm32f4xx_usart.o
 .debug_abbrev  0x000009a0      0x212 src/halFunct.o
 .debug_abbrev  0x00000bb2      0x1ff src/main.o
 .debug_abbrev  0x00000db1      0x1f0 src/stm32f4xx_it.o
 .debug_abbrev  0x00000fa1      0x15b src/system_stm32f4xx.o
 .debug_abbrev  0x000010fc       0x12 startup/startup_stm32f429_439xx.o
 .debug_abbrev  0x0000110e       0x94 C:\Users\FLL1GA\Documents\Luis Javier Flores\Tec de Monterrey\8vo Semestre\DSPs\HRTF_project\stm32f4\HRTF_test\lib\libarm_cortexM4lf_math.a(arm_q15_to_float.o)
 .debug_abbrev  0x000011a2       0xa8 C:\Users\FLL1GA\Documents\Luis Javier Flores\Tec de Monterrey\8vo Semestre\DSPs\HRTF_project\stm32f4\HRTF_test\lib\libarm_cortexM4lf_math.a(arm_float_to_q15.o)
 .debug_abbrev  0x0000124a       0xe8 C:\Users\FLL1GA\Documents\Luis Javier Flores\Tec de Monterrey\8vo Semestre\DSPs\HRTF_project\stm32f4\HRTF_test\lib\libarm_cortexM4lf_math.a(arm_fir_init_f32.o)
 .debug_abbrev  0x00001332       0xc8 C:\Users\FLL1GA\Documents\Luis Javier Flores\Tec de Monterrey\8vo Semestre\DSPs\HRTF_project\stm32f4\HRTF_test\lib\libarm_cortexM4lf_math.a(arm_fir_f32.o)

.debug_aranges  0x00000000      0x780
 .debug_aranges
                0x00000000       0x40 StdPeriph_Driver/src/misc.o
 .debug_aranges
                0x00000040      0x148 StdPeriph_Driver/src/stm32f4xx_adc.o
 .debug_aranges
                0x00000188       0xb0 StdPeriph_Driver/src/stm32f4xx_dma.o
 .debug_aranges
                0x00000238       0x88 StdPeriph_Driver/src/stm32f4xx_gpio.o
 .debug_aranges
                0x000002c0      0x1b8 StdPeriph_Driver/src/stm32f4xx_rcc.o
 .debug_aranges
                0x00000478      0x100 StdPeriph_Driver/src/stm32f4xx_usart.o
 .debug_aranges
                0x00000578       0xa0 src/halFunct.o
 .debug_aranges
                0x00000618       0x20 src/main.o
 .debug_aranges
                0x00000638       0x70 src/stm32f4xx_it.o
 .debug_aranges
                0x000006a8       0x30 src/system_stm32f4xx.o
 .debug_aranges
                0x000006d8       0x28 startup/startup_stm32f429_439xx.o
 .debug_aranges
                0x00000700       0x20 C:\Users\FLL1GA\Documents\Luis Javier Flores\Tec de Monterrey\8vo Semestre\DSPs\HRTF_project\stm32f4\HRTF_test\lib\libarm_cortexM4lf_math.a(arm_q15_to_float.o)
 .debug_aranges
                0x00000720       0x20 C:\Users\FLL1GA\Documents\Luis Javier Flores\Tec de Monterrey\8vo Semestre\DSPs\HRTF_project\stm32f4\HRTF_test\lib\libarm_cortexM4lf_math.a(arm_float_to_q15.o)
 .debug_aranges
                0x00000740       0x20 C:\Users\FLL1GA\Documents\Luis Javier Flores\Tec de Monterrey\8vo Semestre\DSPs\HRTF_project\stm32f4\HRTF_test\lib\libarm_cortexM4lf_math.a(arm_fir_init_f32.o)
 .debug_aranges
                0x00000760       0x20 C:\Users\FLL1GA\Documents\Luis Javier Flores\Tec de Monterrey\8vo Semestre\DSPs\HRTF_project\stm32f4\HRTF_test\lib\libarm_cortexM4lf_math.a(arm_fir_f32.o)

.debug_ranges   0x00000000      0x698
 .debug_ranges  0x00000000       0x30 StdPeriph_Driver/src/misc.o
 .debug_ranges  0x00000030      0x138 StdPeriph_Driver/src/stm32f4xx_adc.o
 .debug_ranges  0x00000168       0xa0 StdPeriph_Driver/src/stm32f4xx_dma.o
 .debug_ranges  0x00000208       0x78 StdPeriph_Driver/src/stm32f4xx_gpio.o
 .debug_ranges  0x00000280      0x1a8 StdPeriph_Driver/src/stm32f4xx_rcc.o
 .debug_ranges  0x00000428       0xf0 StdPeriph_Driver/src/stm32f4xx_usart.o
 .debug_ranges  0x00000518       0x90 src/halFunct.o
 .debug_ranges  0x000005a8       0x10 src/main.o
 .debug_ranges  0x000005b8       0x60 src/stm32f4xx_it.o
 .debug_ranges  0x00000618       0x20 src/system_stm32f4xx.o
 .debug_ranges  0x00000638       0x20 startup/startup_stm32f429_439xx.o
 .debug_ranges  0x00000658       0x10 C:\Users\FLL1GA\Documents\Luis Javier Flores\Tec de Monterrey\8vo Semestre\DSPs\HRTF_project\stm32f4\HRTF_test\lib\libarm_cortexM4lf_math.a(arm_q15_to_float.o)
 .debug_ranges  0x00000668       0x10 C:\Users\FLL1GA\Documents\Luis Javier Flores\Tec de Monterrey\8vo Semestre\DSPs\HRTF_project\stm32f4\HRTF_test\lib\libarm_cortexM4lf_math.a(arm_float_to_q15.o)
 .debug_ranges  0x00000678       0x10 C:\Users\FLL1GA\Documents\Luis Javier Flores\Tec de Monterrey\8vo Semestre\DSPs\HRTF_project\stm32f4\HRTF_test\lib\libarm_cortexM4lf_math.a(arm_fir_init_f32.o)
 .debug_ranges  0x00000688       0x10 C:\Users\FLL1GA\Documents\Luis Javier Flores\Tec de Monterrey\8vo Semestre\DSPs\HRTF_project\stm32f4\HRTF_test\lib\libarm_cortexM4lf_math.a(arm_fir_f32.o)

.debug_macro    0x00000000    0x11e3c
 .debug_macro   0x00000000      0x1d7 StdPeriph_Driver/src/misc.o
 .debug_macro   0x000001d7      0x8e0 StdPeriph_Driver/src/misc.o
 .debug_macro   0x00000ab7       0x64 StdPeriph_Driver/src/misc.o
 .debug_macro   0x00000b1b       0x3b StdPeriph_Driver/src/misc.o
 .debug_macro   0x00000b56       0x22 StdPeriph_Driver/src/misc.o
 .debug_macro   0x00000b78       0x87 StdPeriph_Driver/src/misc.o
 .debug_macro   0x00000bff       0x51 StdPeriph_Driver/src/misc.o
 .debug_macro   0x00000c50       0xef StdPeriph_Driver/src/misc.o
 .debug_macro   0x00000d3f       0x6a StdPeriph_Driver/src/misc.o
 .debug_macro   0x00000da9      0x1df StdPeriph_Driver/src/misc.o
 .debug_macro   0x00000f88       0x2d StdPeriph_Driver/src/misc.o
 .debug_macro   0x00000fb5       0x42 StdPeriph_Driver/src/misc.o
 .debug_macro   0x00000ff7      0xd39 StdPeriph_Driver/src/misc.o
 .debug_macro   0x00001d30     0x901e StdPeriph_Driver/src/misc.o
 .debug_macro   0x0000ad4e       0x16 StdPeriph_Driver/src/misc.o
 .debug_macro   0x0000ad64      0x44f StdPeriph_Driver/src/misc.o
 .debug_macro   0x0000b1b3      0x3cf StdPeriph_Driver/src/misc.o
 .debug_macro   0x0000b582      0x144 StdPeriph_Driver/src/misc.o
 .debug_macro   0x0000b6c6      0x188 StdPeriph_Driver/src/misc.o
 .debug_macro   0x0000b84e       0xb2 StdPeriph_Driver/src/misc.o
 .debug_macro   0x0000b900      0x149 StdPeriph_Driver/src/misc.o
 .debug_macro   0x0000ba49      0x477 StdPeriph_Driver/src/misc.o
 .debug_macro   0x0000bec0       0xae StdPeriph_Driver/src/misc.o
 .debug_macro   0x0000bf6e      0x41c StdPeriph_Driver/src/misc.o
 .debug_macro   0x0000c38a      0x23a StdPeriph_Driver/src/misc.o
 .debug_macro   0x0000c5c4      0x21e StdPeriph_Driver/src/misc.o
 .debug_macro   0x0000c7e2      0x478 StdPeriph_Driver/src/misc.o
 .debug_macro   0x0000cc5a       0xc3 StdPeriph_Driver/src/misc.o
 .debug_macro   0x0000cd1d      0x2bc StdPeriph_Driver/src/misc.o
 .debug_macro   0x0000cfd9      0x2bb StdPeriph_Driver/src/misc.o
 .debug_macro   0x0000d294       0x64 StdPeriph_Driver/src/misc.o
 .debug_macro   0x0000d2f8       0xe7 StdPeriph_Driver/src/misc.o
 .debug_macro   0x0000d3df      0x62f StdPeriph_Driver/src/misc.o
 .debug_macro   0x0000da0e       0x40 StdPeriph_Driver/src/misc.o
 .debug_macro   0x0000da4e      0x57b StdPeriph_Driver/src/misc.o
 .debug_macro   0x0000dfc9      0x342 StdPeriph_Driver/src/misc.o
 .debug_macro   0x0000e30b      0x36c StdPeriph_Driver/src/misc.o
 .debug_macro   0x0000e677       0xf7 StdPeriph_Driver/src/misc.o
 .debug_macro   0x0000e76e      0x73b StdPeriph_Driver/src/misc.o
 .debug_macro   0x0000eea9      0x223 StdPeriph_Driver/src/misc.o
 .debug_macro   0x0000f0cc       0x34 StdPeriph_Driver/src/misc.o
 .debug_macro   0x0000f100       0x35 StdPeriph_Driver/src/misc.o
 .debug_macro   0x0000f135       0x7c StdPeriph_Driver/src/misc.o
 .debug_macro   0x0000f1b1      0x25f StdPeriph_Driver/src/stm32f4xx_adc.o
 .debug_macro   0x0000f410      0x3c9 StdPeriph_Driver/src/stm32f4xx_adc.o
 .debug_macro   0x0000f7d9       0x82 StdPeriph_Driver/src/stm32f4xx_adc.o
 .debug_macro   0x0000f85b      0x229 StdPeriph_Driver/src/stm32f4xx_dma.o
 .debug_macro   0x0000fa84      0x471 StdPeriph_Driver/src/stm32f4xx_dma.o
 .debug_macro   0x0000fef5      0x1d5 StdPeriph_Driver/src/stm32f4xx_gpio.o
 .debug_macro   0x000100ca      0x2b6 StdPeriph_Driver/src/stm32f4xx_gpio.o
 .debug_macro   0x00010380      0x29b StdPeriph_Driver/src/stm32f4xx_rcc.o
 .debug_macro   0x0001061b      0x629 StdPeriph_Driver/src/stm32f4xx_rcc.o
 .debug_macro   0x00010c44      0x1ed StdPeriph_Driver/src/stm32f4xx_usart.o
 .debug_macro   0x00010e31      0x21d StdPeriph_Driver/src/stm32f4xx_usart.o
 .debug_macro   0x0001104e      0x1dd src/halFunct.o
 .debug_macro   0x0001122b      0x3d4 src/main.o
 .debug_macro   0x000115ff       0x10 src/main.o
 .debug_macro   0x0001160f       0x12 src/main.o
 .debug_macro   0x00011621       0x16 src/main.o
 .debug_macro   0x00011637       0x35 src/main.o
 .debug_macro   0x0001166c      0x1e1 src/main.o
 .debug_macro   0x0001184d       0xa5 src/main.o
 .debug_macro   0x000118f2      0x35d src/stm32f4xx_it.o
 .debug_macro   0x00011c4f      0x1ed src/system_stm32f4xx.o

.debug_line     0x00000000     0x6623
 .debug_line    0x00000000      0x74a StdPeriph_Driver/src/misc.o
 .debug_line    0x0000074a      0xa60 StdPeriph_Driver/src/stm32f4xx_adc.o
 .debug_line    0x000011aa      0x92d StdPeriph_Driver/src/stm32f4xx_dma.o
 .debug_line    0x00001ad7      0x872 StdPeriph_Driver/src/stm32f4xx_gpio.o
 .debug_line    0x00002349      0xb4f StdPeriph_Driver/src/stm32f4xx_rcc.o
 .debug_line    0x00002e98      0x9b8 StdPeriph_Driver/src/stm32f4xx_usart.o
 .debug_line    0x00003850      0x98b src/halFunct.o
 .debug_line    0x000041db      0xa6d src/main.o
 .debug_line    0x00004c48      0xac1 src/stm32f4xx_it.o
 .debug_line    0x00005709      0x75c src/system_stm32f4xx.o
 .debug_line    0x00005e65       0x81 startup/startup_stm32f429_439xx.o
 .debug_line    0x00005ee6      0x154 C:\Users\FLL1GA\Documents\Luis Javier Flores\Tec de Monterrey\8vo Semestre\DSPs\HRTF_project\stm32f4\HRTF_test\lib\libarm_cortexM4lf_math.a(arm_q15_to_float.o)
 .debug_line    0x0000603a      0x170 C:\Users\FLL1GA\Documents\Luis Javier Flores\Tec de Monterrey\8vo Semestre\DSPs\HRTF_project\stm32f4\HRTF_test\lib\libarm_cortexM4lf_math.a(arm_float_to_q15.o)
 .debug_line    0x000061aa      0x14b C:\Users\FLL1GA\Documents\Luis Javier Flores\Tec de Monterrey\8vo Semestre\DSPs\HRTF_project\stm32f4\HRTF_test\lib\libarm_cortexM4lf_math.a(arm_fir_init_f32.o)
 .debug_line    0x000062f5      0x32e C:\Users\FLL1GA\Documents\Luis Javier Flores\Tec de Monterrey\8vo Semestre\DSPs\HRTF_project\stm32f4\HRTF_test\lib\libarm_cortexM4lf_math.a(arm_fir_f32.o)

.debug_str      0x00000000    0x6bda3
 .debug_str     0x00000000    0x62910 StdPeriph_Driver/src/misc.o
                              0x62b1b (size before relaxing)
 .debug_str     0x00062910      0x91f StdPeriph_Driver/src/stm32f4xx_adc.o
                              0x6320a (size before relaxing)
 .debug_str     0x0006322f      0x67f StdPeriph_Driver/src/stm32f4xx_dma.o
                              0x62f81 (size before relaxing)
 .debug_str     0x000638ae      0x2b6 StdPeriph_Driver/src/stm32f4xx_gpio.o
                              0x62bc3 (size before relaxing)
 .debug_str     0x00063b64      0xd3c StdPeriph_Driver/src/stm32f4xx_rcc.o
                              0x63687 (size before relaxing)
 .debug_str     0x000648a0      0x533 StdPeriph_Driver/src/stm32f4xx_usart.o
                              0x62ed6 (size before relaxing)
 .debug_str     0x00064dd3      0x893 src/halFunct.o
                              0x636e6 (size before relaxing)
 .debug_str     0x00065666     0x633c src/main.o
                              0x68d52 (size before relaxing)
 .debug_str     0x0006b9a2       0xd0 src/stm32f4xx_it.o
                              0x67f90 (size before relaxing)
 .debug_str     0x0006ba72       0xd6 src/system_stm32f4xx.o
                              0x62b13 (size before relaxing)
 .debug_str     0x0006bb48      0x164 C:\Users\FLL1GA\Documents\Luis Javier Flores\Tec de Monterrey\8vo Semestre\DSPs\HRTF_project\stm32f4\HRTF_test\lib\libarm_cortexM4lf_math.a(arm_q15_to_float.o)
                                0x245 (size before relaxing)
 .debug_str     0x0006bcac       0x4b C:\Users\FLL1GA\Documents\Luis Javier Flores\Tec de Monterrey\8vo Semestre\DSPs\HRTF_project\stm32f4\HRTF_test\lib\libarm_cortexM4lf_math.a(arm_float_to_q15.o)
                                0x26a (size before relaxing)
 .debug_str     0x0006bcf7       0x41 C:\Users\FLL1GA\Documents\Luis Javier Flores\Tec de Monterrey\8vo Semestre\DSPs\HRTF_project\stm32f4\HRTF_test\lib\libarm_cortexM4lf_math.a(arm_fir_init_f32.o)
                                0x265 (size before relaxing)
 .debug_str     0x0006bd38       0x6b C:\Users\FLL1GA\Documents\Luis Javier Flores\Tec de Monterrey\8vo Semestre\DSPs\HRTF_project\stm32f4\HRTF_test\lib\libarm_cortexM4lf_math.a(arm_fir_f32.o)
                                0x2a0 (size before relaxing)

.comment        0x00000000       0xef
 .comment       0x00000000       0x7f StdPeriph_Driver/src/misc.o
                                 0x80 (size before relaxing)
 .comment       0x0000007f       0x80 StdPeriph_Driver/src/stm32f4xx_adc.o
 .comment       0x0000007f       0x80 StdPeriph_Driver/src/stm32f4xx_dma.o
 .comment       0x0000007f       0x80 StdPeriph_Driver/src/stm32f4xx_gpio.o
 .comment       0x0000007f       0x80 StdPeriph_Driver/src/stm32f4xx_rcc.o
 .comment       0x0000007f       0x80 StdPeriph_Driver/src/stm32f4xx_usart.o
 .comment       0x0000007f       0x80 src/halFunct.o
 .comment       0x0000007f       0x80 src/main.o
 .comment       0x0000007f       0x80 src/stm32f4xx_it.o
 .comment       0x0000007f       0x80 src/system_stm32f4xx.o
 .comment       0x0000007f       0x70 C:\Users\FLL1GA\Documents\Luis Javier Flores\Tec de Monterrey\8vo Semestre\DSPs\HRTF_project\stm32f4\HRTF_test\lib\libarm_cortexM4lf_math.a(arm_q15_to_float.o)
                                 0x71 (size before relaxing)
 .comment       0x000000ef       0x71 C:\Users\FLL1GA\Documents\Luis Javier Flores\Tec de Monterrey\8vo Semestre\DSPs\HRTF_project\stm32f4\HRTF_test\lib\libarm_cortexM4lf_math.a(arm_float_to_q15.o)
 .comment       0x000000ef       0x71 C:\Users\FLL1GA\Documents\Luis Javier Flores\Tec de Monterrey\8vo Semestre\DSPs\HRTF_project\stm32f4\HRTF_test\lib\libarm_cortexM4lf_math.a(arm_fir_init_f32.o)
 .comment       0x000000ef       0x71 C:\Users\FLL1GA\Documents\Luis Javier Flores\Tec de Monterrey\8vo Semestre\DSPs\HRTF_project\stm32f4\HRTF_test\lib\libarm_cortexM4lf_math.a(arm_fir_f32.o)

.debug_frame    0x00000000     0x1fd8
 .debug_frame   0x00000000       0xd8 StdPeriph_Driver/src/misc.o
 .debug_frame   0x000000d8      0x5ec StdPeriph_Driver/src/stm32f4xx_adc.o
 .debug_frame   0x000006c4      0x308 StdPeriph_Driver/src/stm32f4xx_dma.o
 .debug_frame   0x000009cc      0x23c StdPeriph_Driver/src/stm32f4xx_gpio.o
 .debug_frame   0x00000c08      0x814 StdPeriph_Driver/src/stm32f4xx_rcc.o
 .debug_frame   0x0000141c      0x490 StdPeriph_Driver/src/stm32f4xx_usart.o
 .debug_frame   0x000018ac      0x26c src/halFunct.o
 .debug_frame   0x00001b18       0x30 src/main.o
 .debug_frame   0x00001b48      0x148 src/stm32f4xx_it.o
 .debug_frame   0x00001c90       0x7c src/system_stm32f4xx.o
 .debug_frame   0x00001d0c       0x2c C:\Users\FLL1GA\Documents\Luis Javier Flores\Tec de Monterrey\8vo Semestre\DSPs\HRTF_project\stm32f4\HRTF_test\lib\libarm_cortexM4lf_math.a(arm_q15_to_float.o)
 .debug_frame   0x00001d38       0x2c C:\Users\FLL1GA\Documents\Luis Javier Flores\Tec de Monterrey\8vo Semestre\DSPs\HRTF_project\stm32f4\HRTF_test\lib\libarm_cortexM4lf_math.a(arm_float_to_q15.o)
 .debug_frame   0x00001d64       0x2c C:\Users\FLL1GA\Documents\Luis Javier Flores\Tec de Monterrey\8vo Semestre\DSPs\HRTF_project\stm32f4\HRTF_test\lib\libarm_cortexM4lf_math.a(arm_fir_init_f32.o)
 .debug_frame   0x00001d90       0x54 C:\Users\FLL1GA\Documents\Luis Javier Flores\Tec de Monterrey\8vo Semestre\DSPs\HRTF_project\stm32f4\HRTF_test\lib\libarm_cortexM4lf_math.a(arm_fir_f32.o)
 .debug_frame   0x00001de4       0x2c c:/ac6/systemworkbench/plugins/fr.ac6.mcu.externaltools.arm-none.win32_1.15.0.201708311556/tools/compiler/bin/../lib/gcc/arm-none-eabi/6.3.1/../../../../arm-none-eabi/lib/thumb/v7e-m/fpv4-sp/hard\libc.a(lib_a-init.o)
 .debug_frame   0x00001e10       0x34 c:/ac6/systemworkbench/plugins/fr.ac6.mcu.externaltools.arm-none.win32_1.15.0.201708311556/tools/compiler/bin/../lib/gcc/arm-none-eabi/6.3.1/../../../../arm-none-eabi/lib/thumb/v7e-m/fpv4-sp/hard\libc.a(lib_a-memset.o)
 .debug_frame   0x00001e44       0x5c c:/ac6/systemworkbench/plugins/fr.ac6.mcu.externaltools.arm-none.win32_1.15.0.201708311556/tools/compiler/bin/../lib/gcc/arm-none-eabi/6.3.1/../../../../arm-none-eabi/lib/thumb/v7e-m/fpv4-sp/hard\libc.a(lib_a-__call_atexit.o)
 .debug_frame   0x00001ea0       0x20 c:/ac6/systemworkbench/plugins/fr.ac6.mcu.externaltools.arm-none.win32_1.15.0.201708311556/tools/compiler/bin/../lib/gcc/arm-none-eabi/6.3.1/../../../../arm-none-eabi/lib/thumb/v7e-m/fpv4-sp/hard\libc.a(lib_a-atexit.o)
 .debug_frame   0x00001ec0       0x34 c:/ac6/systemworkbench/plugins/fr.ac6.mcu.externaltools.arm-none.win32_1.15.0.201708311556/tools/compiler/bin/../lib/gcc/arm-none-eabi/6.3.1/../../../../arm-none-eabi/lib/thumb/v7e-m/fpv4-sp/hard\libc.a(lib_a-fini.o)
 .debug_frame   0x00001ef4       0xb0 c:/ac6/systemworkbench/plugins/fr.ac6.mcu.externaltools.arm-none.win32_1.15.0.201708311556/tools/compiler/bin/../lib/gcc/arm-none-eabi/6.3.1/../../../../arm-none-eabi/lib/thumb/v7e-m/fpv4-sp/hard\libc.a(lib_a-lock.o)
 .debug_frame   0x00001fa4       0x34 c:/ac6/systemworkbench/plugins/fr.ac6.mcu.externaltools.arm-none.win32_1.15.0.201708311556/tools/compiler/bin/../lib/gcc/arm-none-eabi/6.3.1/../../../../arm-none-eabi/lib/thumb/v7e-m/fpv4-sp/hard\libc.a(lib_a-__atexit.o)

.debug_loc      0x00000000     0x1982
 .debug_loc     0x00000000      0x18a C:\Users\FLL1GA\Documents\Luis Javier Flores\Tec de Monterrey\8vo Semestre\DSPs\HRTF_project\stm32f4\HRTF_test\lib\libarm_cortexM4lf_math.a(arm_q15_to_float.o)
 .debug_loc     0x0000018a      0x45d C:\Users\FLL1GA\Documents\Luis Javier Flores\Tec de Monterrey\8vo Semestre\DSPs\HRTF_project\stm32f4\HRTF_test\lib\libarm_cortexM4lf_math.a(arm_float_to_q15.o)
 .debug_loc     0x000005e7       0xc2 C:\Users\FLL1GA\Documents\Luis Javier Flores\Tec de Monterrey\8vo Semestre\DSPs\HRTF_project\stm32f4\HRTF_test\lib\libarm_cortexM4lf_math.a(arm_fir_init_f32.o)
 .debug_loc     0x000006a9     0x12d9 C:\Users\FLL1GA\Documents\Luis Javier Flores\Tec de Monterrey\8vo Semestre\DSPs\HRTF_project\stm32f4\HRTF_test\lib\libarm_cortexM4lf_math.a(arm_fir_f32.o)
