19:18:13 **** Incremental Build of configuration Debug for project ADC_test ****
make -j4 all 
Building file: ../src/main.c
Invoking: MCU GCC Compiler
C:\Users\FLL1GA\Documents\Luis Javier Flores\Tec de Monterrey\8vo Semestre\DSPs\HRTF_project\stm32f4\ADC_test\Debug
arm-none-eabi-gcc -mcpu=cortex-m4 -mthumb -mfloat-abi=hard -mfpu=fpv4-sp-d16 -DSTM32 -DARM_MATH_CM4 '-D__FPU_USED = 1' '-D__FPU_PRESENT = 1' -DSTM32F4 -DSTM32F429ZITx -DSTM32F429I_DISCO -DDEBUG -DSTM32F429_439xx -DUSE_STDPERIPH_DRIVER -I"C:/Users/FLL1GA/Documents/Luis Javier Flores/Tec de Monterrey/8vo Semestre/DSPs/HRTF_project/stm32f4/ADC_test/Utilities/Common" -I"C:/Users/FLL1GA/Documents/Luis Javier Flores/Tec de Monterrey/8vo Semestre/DSPs/HRTF_project/stm32f4/ADC_test/StdPeriph_Driver/inc" -I"C:/Users/FLL1GA/Documents/Luis Javier Flores/Tec de Monterrey/8vo Semestre/DSPs/HRTF_project/stm32f4/ADC_test/inc" -I"C:/Users/FLL1GA/Documents/Luis Javier Flores/Tec de Monterrey/8vo Semestre/DSPs/HRTF_project/stm32f4/ADC_test/CMSIS/device" -I"C:/Users/FLL1GA/Documents/Luis Javier Flores/Tec de Monterrey/8vo Semestre/DSPs/HRTF_project/stm32f4/ADC_test/CMSIS/core" -I"C:/Users/FLL1GA/Documents/Luis Javier Flores/Tec de Monterrey/8vo Semestre/DSPs/HRTF_project/stm32f4/ADC_test/Utilities/STM32F429I-Discovery" -O0 -g3 -Wall -fmessage-length=0 -ffunction-sections -c -MMD -MP -MF"src/main.d" -MT"src/main.o" -o "src/main.o" "../src/main.c"
../src/main.c: In function 'main':
../src/main.c:261:10: warning: variable 'angle' set but not used [-Wunused-but-set-variable]
 uint16_t angle;
          ^~~~~
At top level:
../src/main.c:362:13: warning: 'display_LCD' defined but not used [-Wunused-function]
 static void display_LCD(__IO uint16_t *data, uint16_t size){
             ^~~~~~~~~~~
Finished building: ../src/main.c
 
Building target: ADC_test.elf
Invoking: MCU GCC Linker
arm-none-eabi-gcc -mcpu=cortex-m4 -mthumb -mfloat-abi=hard -mfpu=fpv4-sp-d16 -L"C:\Users\FLL1GA\Documents\Luis Javier Flores\Tec de Monterrey\8vo Semestre\DSPs\HRTF_project\stm32f4\ADC_test\lib" -T"C:\Users\FLL1GA\Documents\Luis Javier Flores\Tec de Monterrey\8vo Semestre\DSPs\HRTF_project\stm32f4\ADC_test\LinkerScript.ld" -Wl,-Map=output.map -Wl,--gc-sections -o "ADC_test.elf" @"objects.list"  -larm_cortexM4lf_math -lm
Finished building target: ADC_test.elf
 
make --no-print-directory post-build
Generating binary and Printing size information:
arm-none-eabi-objcopy -O binary "ADC_test.elf" "ADC_test.bin"
arm-none-eabi-size "ADC_test.elf"
   text	   data	    bss	    dec	    hex	filename
  25152	   1176	  31476	  57804	   e1cc	ADC_test.elf
 

19:18:18 Build Finished (took 5s.101ms)

