17:19:45 **** Incremental Build of configuration Debug for project UART_FULL_DUPLEX ****
make -j4 all 
Building file: ../src/halFunct.c
Building file: ../src/main.c
Building file: ../src/stm32f4xx_it.c
Building file: ../src/system_stm32f4xx.c
Invoking: MCU GCC Compiler
Invoking: MCU GCC Compiler
Invoking: MCU GCC Compiler
Invoking: MCU GCC Compiler
C:\Users\FLL1GA\Documents\Luis Javier Flores\Tec de Monterrey\8vo Semestre\DSPs\HRTF_project\stm32f4\UART_FULL_DUPLEX\Debug
C:\Users\FLL1GA\Documents\Luis Javier Flores\Tec de Monterrey\8vo Semestre\DSPs\HRTF_project\stm32f4\UART_FULL_DUPLEX\Debug
arm-none-eabi-gcc -mcpu=cortex-m4 -mthumb -mfloat-abi=hard -mfpu=fpv4-sp-d16 -DSTM32 -DARM_MATH_CM4 '-D__FPU_USED = 1' '-D__FPU_PRESENT = 1' -DSTM32F4 -DSTM32F429ZITx -DSTM32F429I_DISCO -DDEBUG -DSTM32F429_439xx -DUSE_STDPERIPH_DRIVER -I"C:/Users/FLL1GA/Documents/Luis Javier Flores/Tec de Monterrey/8vo Semestre/DSPs/HRTF_project/stm32f4/UART_FULL_DUPLEX/Utilities/Common" -I"C:/Users/FLL1GA/Documents/Luis Javier Flores/Tec de Monterrey/8vo Semestre/DSPs/HRTF_project/stm32f4/UART_FULL_DUPLEX/StdPeriph_Driver/inc" -I"C:/Users/FLL1GA/Documents/Luis Javier Flores/Tec de Monterrey/8vo Semestre/DSPs/HRTF_project/stm32f4/UART_FULL_DUPLEX/inc" -I"C:/Users/FLL1GA/Documents/Luis Javier Flores/Tec de Monterrey/8vo Semestre/DSPs/HRTF_project/stm32f4/UART_FULL_DUPLEX/CMSIS/device" -I"C:/Users/FLL1GA/Documents/Luis Javier Flores/Tec de Monterrey/8vo Semestre/DSPs/HRTF_project/stm32f4/UART_FULL_DUPLEX/CMSIS/core" -I"C:/Users/FLL1GA/Documents/Luis Javier Flores/Tec de Monterrey/8vo Semestre/DSPs/HRTF_project/stm32f4/UART_FULL_DUPLEX/Utilities/STM32F429I-Discovery" -O0 -g3 -Wall -fmessage-length=0 -ffunction-sections -c -MMD -MP -MF"src/halFunct.d" -MT"src/halFunct.o" -o "src/halFunct.o" "../src/halFunct.c"
C:\Users\FLL1GA\Documents\Luis Javier Flores\Tec de Monterrey\8vo Semestre\DSPs\HRTF_project\stm32f4\UART_FULL_DUPLEX\Debug
C:\Users\FLL1GA\Documents\Luis Javier Flores\Tec de Monterrey\8vo Semestre\DSPs\HRTF_project\stm32f4\UART_FULL_DUPLEX\Debug
arm-none-eabi-gcc -mcpu=cortex-m4 -mthumb -mfloat-abi=hard -mfpu=fpv4-sp-d16 -DSTM32 -DARM_MATH_CM4 '-D__FPU_USED = 1' '-D__FPU_PRESENT = 1' -DSTM32F4 -DSTM32F429ZITx -DSTM32F429I_DISCO -DDEBUG -DSTM32F429_439xx -DUSE_STDPERIPH_DRIVER -I"C:/Users/FLL1GA/Documents/Luis Javier Flores/Tec de Monterrey/8vo Semestre/DSPs/HRTF_project/stm32f4/UART_FULL_DUPLEX/Utilities/Common" -I"C:/Users/FLL1GA/Documents/Luis Javier Flores/Tec de Monterrey/8vo Semestre/DSPs/HRTF_project/stm32f4/UART_FULL_DUPLEX/StdPeriph_Driver/inc" -I"C:/Users/FLL1GA/Documents/Luis Javier Flores/Tec de Monterrey/8vo Semestre/DSPs/HRTF_project/stm32f4/UART_FULL_DUPLEX/inc" -I"C:/Users/FLL1GA/Documents/Luis Javier Flores/Tec de Monterrey/8vo Semestre/DSPs/HRTF_project/stm32f4/UART_FULL_DUPLEX/CMSIS/device" -I"C:/Users/FLL1GA/Documents/Luis Javier Flores/Tec de Monterrey/8vo Semestre/DSPs/HRTF_project/stm32f4/UART_FULL_DUPLEX/CMSIS/core" -I"C:/Users/FLL1GA/Documents/Luis Javier Flores/Tec de Monterrey/8vo Semestre/DSPs/HRTF_project/stm32f4/UART_FULL_DUPLEX/Utilities/STM32F429I-Discovery" -O0 -g3 -Wall -fmessage-length=0 -ffunction-sections -c -MMD -MP -MF"src/main.d" -MT"src/main.o" -o "src/main.o" "../src/main.c"
arm-none-eabi-gcc -mcpu=cortex-m4 -mthumb -mfloat-abi=hard -mfpu=fpv4-sp-d16 -DSTM32 -DARM_MATH_CM4 '-D__FPU_USED = 1' '-D__FPU_PRESENT = 1' -DSTM32F4 -DSTM32F429ZITx -DSTM32F429I_DISCO -DDEBUG -DSTM32F429_439xx -DUSE_STDPERIPH_DRIVER -I"C:/Users/FLL1GA/Documents/Luis Javier Flores/Tec de Monterrey/8vo Semestre/DSPs/HRTF_project/stm32f4/UART_FULL_DUPLEX/Utilities/Common" -I"C:/Users/FLL1GA/Documents/Luis Javier Flores/Tec de Monterrey/8vo Semestre/DSPs/HRTF_project/stm32f4/UART_FULL_DUPLEX/StdPeriph_Driver/inc" -I"C:/Users/FLL1GA/Documents/Luis Javier Flores/Tec de Monterrey/8vo Semestre/DSPs/HRTF_project/stm32f4/UART_FULL_DUPLEX/inc" -I"C:/Users/FLL1GA/Documents/Luis Javier Flores/Tec de Monterrey/8vo Semestre/DSPs/HRTF_project/stm32f4/UART_FULL_DUPLEX/CMSIS/device" -I"C:/Users/FLL1GA/Documents/Luis Javier Flores/Tec de Monterrey/8vo Semestre/DSPs/HRTF_project/stm32f4/UART_FULL_DUPLEX/CMSIS/core" -I"C:/Users/FLL1GA/Documents/Luis Javier Flores/Tec de Monterrey/8vo Semestre/DSPs/HRTF_project/stm32f4/UART_FULL_DUPLEX/Utilities/STM32F429I-Discovery" -O0 -g3 -Wall -fmessage-length=0 -ffunction-sections -c -MMD -MP -MF"src/system_stm32f4xx.d" -MT"src/system_stm32f4xx.o" -o "src/system_stm32f4xx.o" "../src/system_stm32f4xx.c"
arm-none-eabi-gcc -mcpu=cortex-m4 -mthumb -mfloat-abi=hard -mfpu=fpv4-sp-d16 -DSTM32 -DARM_MATH_CM4 '-D__FPU_USED = 1' '-D__FPU_PRESENT = 1' -DSTM32F4 -DSTM32F429ZITx -DSTM32F429I_DISCO -DDEBUG -DSTM32F429_439xx -DUSE_STDPERIPH_DRIVER -I"C:/Users/FLL1GA/Documents/Luis Javier Flores/Tec de Monterrey/8vo Semestre/DSPs/HRTF_project/stm32f4/UART_FULL_DUPLEX/Utilities/Common" -I"C:/Users/FLL1GA/Documents/Luis Javier Flores/Tec de Monterrey/8vo Semestre/DSPs/HRTF_project/stm32f4/UART_FULL_DUPLEX/StdPeriph_Driver/inc" -I"C:/Users/FLL1GA/Documents/Luis Javier Flores/Tec de Monterrey/8vo Semestre/DSPs/HRTF_project/stm32f4/UART_FULL_DUPLEX/inc" -I"C:/Users/FLL1GA/Documents/Luis Javier Flores/Tec de Monterrey/8vo Semestre/DSPs/HRTF_project/stm32f4/UART_FULL_DUPLEX/CMSIS/device" -I"C:/Users/FLL1GA/Documents/Luis Javier Flores/Tec de Monterrey/8vo Semestre/DSPs/HRTF_project/stm32f4/UART_FULL_DUPLEX/CMSIS/core" -I"C:/Users/FLL1GA/Documents/Luis Javier Flores/Tec de Monterrey/8vo Semestre/DSPs/HRTF_project/stm32f4/UART_FULL_DUPLEX/Utilities/STM32F429I-Discovery" -O0 -g3 -Wall -fmessage-length=0 -ffunction-sections -c -MMD -MP -MF"src/stm32f4xx_it.d" -MT"src/stm32f4xx_it.o" -o "src/stm32f4xx_it.o" "../src/stm32f4xx_it.c"
../src/main.c:423:13: warning: 'display_LCD' defined but not used [-Wunused-function]
 static void display_LCD(__IO uint16_t *data, uint16_t size){
             ^~~~~~~~~~~
Finished building: ../src/system_stm32f4xx.c
Finished building: ../src/main.c
Finished building: ../src/halFunct.c
Finished building: ../src/stm32f4xx_it.c
 
 
 
 
Building file: ../Utilities/STM32F429I-Discovery/stm32f429i_discovery.c
Building file: ../Utilities/STM32F429I-Discovery/stm32f429i_discovery_ioe.c
Building file: ../Utilities/STM32F429I-Discovery/stm32f429i_discovery_l3gd20.c
Building file: ../Utilities/STM32F429I-Discovery/stm32f429i_discovery_lcd.c
Invoking: MCU GCC Compiler
Invoking: MCU GCC Compiler
Invoking: MCU GCC Compiler
Invoking: MCU GCC Compiler
C:\Users\FLL1GA\Documents\Luis Javier Flores\Tec de Monterrey\8vo Semestre\DSPs\HRTF_project\stm32f4\UART_FULL_DUPLEX\Debug
C:\Users\FLL1GA\Documents\Luis Javier Flores\Tec de Monterrey\8vo Semestre\DSPs\HRTF_project\stm32f4\UART_FULL_DUPLEX\Debug
C:\Users\FLL1GA\Documents\Luis Javier Flores\Tec de Monterrey\8vo Semestre\DSPs\HRTF_project\stm32f4\UART_FULL_DUPLEX\Debug
arm-none-eabi-gcc -mcpu=cortex-m4 -mthumb -mfloat-abi=hard -mfpu=fpv4-sp-d16 -DSTM32 -DARM_MATH_CM4 '-D__FPU_USED = 1' '-D__FPU_PRESENT = 1' -DSTM32F4 -DSTM32F429ZITx -DSTM32F429I_DISCO -DDEBUG -DSTM32F429_439xx -DUSE_STDPERIPH_DRIVER -I"C:/Users/FLL1GA/Documents/Luis Javier Flores/Tec de Monterrey/8vo Semestre/DSPs/HRTF_project/stm32f4/UART_FULL_DUPLEX/Utilities/Common" -I"C:/Users/FLL1GA/Documents/Luis Javier Flores/Tec de Monterrey/8vo Semestre/DSPs/HRTF_project/stm32f4/UART_FULL_DUPLEX/StdPeriph_Driver/inc" -I"C:/Users/FLL1GA/Documents/Luis Javier Flores/Tec de Monterrey/8vo Semestre/DSPs/HRTF_project/stm32f4/UART_FULL_DUPLEX/inc" -I"C:/Users/FLL1GA/Documents/Luis Javier Flores/Tec de Monterrey/8vo Semestre/DSPs/HRTF_project/stm32f4/UART_FULL_DUPLEX/CMSIS/device" -I"C:/Users/FLL1GA/Documents/Luis Javier Flores/Tec de Monterrey/8vo Semestre/DSPs/HRTF_project/stm32f4/UART_FULL_DUPLEX/CMSIS/core" -I"C:/Users/FLL1GA/Documents/Luis Javier Flores/Tec de Monterrey/8vo Semestre/DSPs/HRTF_project/stm32f4/UART_FULL_DUPLEX/Utilities/STM32F429I-Discovery" -O0 -g3 -Wall -fmessage-length=0 -ffunction-sections -c -MMD -MP -MF"Utilities/STM32F429I-Discovery/stm32f429i_discovery_ioe.d" -MT"Utilities/STM32F429I-Discovery/stm32f429i_discovery_ioe.o" -o "Utilities/STM32F429I-Discovery/stm32f429i_discovery_ioe.o" "../Utilities/STM32F429I-Discovery/stm32f429i_discovery_ioe.c"
arm-none-eabi-gcc -mcpu=cortex-m4 -mthumb -mfloat-abi=hard -mfpu=fpv4-sp-d16 -DSTM32 -DARM_MATH_CM4 '-D__FPU_USED = 1' '-D__FPU_PRESENT = 1' -DSTM32F4 -DSTM32F429ZITx -DSTM32F429I_DISCO -DDEBUG -DSTM32F429_439xx -DUSE_STDPERIPH_DRIVER -I"C:/Users/FLL1GA/Documents/Luis Javier Flores/Tec de Monterrey/8vo Semestre/DSPs/HRTF_project/stm32f4/UART_FULL_DUPLEX/Utilities/Common" -I"C:/Users/FLL1GA/Documents/Luis Javier Flores/Tec de Monterrey/8vo Semestre/DSPs/HRTF_project/stm32f4/UART_FULL_DUPLEX/StdPeriph_Driver/inc" -I"C:/Users/FLL1GA/Documents/Luis Javier Flores/Tec de Monterrey/8vo Semestre/DSPs/HRTF_project/stm32f4/UART_FULL_DUPLEX/inc" -I"C:/Users/FLL1GA/Documents/Luis Javier Flores/Tec de Monterrey/8vo Semestre/DSPs/HRTF_project/stm32f4/UART_FULL_DUPLEX/CMSIS/device" -I"C:/Users/FLL1GA/Documents/Luis Javier Flores/Tec de Monterrey/8vo Semestre/DSPs/HRTF_project/stm32f4/UART_FULL_DUPLEX/CMSIS/core" -I"C:/Users/FLL1GA/Documents/Luis Javier Flores/Tec de Monterrey/8vo Semestre/DSPs/HRTF_project/stm32f4/UART_FULL_DUPLEX/Utilities/STM32F429I-Discovery" -O0 -g3 -Wall -fmessage-length=0 -ffunction-sections -c -MMD -MP -MF"Utilities/STM32F429I-Discovery/stm32f429i_discovery_l3gd20.d" -MT"Utilities/STM32F429I-Discovery/stm32f429i_discovery_l3gd20.o" -o "Utilities/STM32F429I-Discovery/stm32f429i_discovery_l3gd20.o" "../Utilities/STM32F429I-Discovery/stm32f429i_discovery_l3gd20.c"
arm-none-eabi-gcc -mcpu=cortex-m4 -mthumb -mfloat-abi=hard -mfpu=fpv4-sp-d16 -DSTM32 -DARM_MATH_CM4 '-D__FPU_USED = 1' '-D__FPU_PRESENT = 1' -DSTM32F4 -DSTM32F429ZITx -DSTM32F429I_DISCO -DDEBUG -DSTM32F429_439xx -DUSE_STDPERIPH_DRIVER -I"C:/Users/FLL1GA/Documents/Luis Javier Flores/Tec de Monterrey/8vo Semestre/DSPs/HRTF_project/stm32f4/UART_FULL_DUPLEX/Utilities/Common" -I"C:/Users/FLL1GA/Documents/Luis Javier Flores/Tec de Monterrey/8vo Semestre/DSPs/HRTF_project/stm32f4/UART_FULL_DUPLEX/StdPeriph_Driver/inc" -I"C:/Users/FLL1GA/Documents/Luis Javier Flores/Tec de Monterrey/8vo Semestre/DSPs/HRTF_project/stm32f4/UART_FULL_DUPLEX/inc" -I"C:/Users/FLL1GA/Documents/Luis Javier Flores/Tec de Monterrey/8vo Semestre/DSPs/HRTF_project/stm32f4/UART_FULL_DUPLEX/CMSIS/device" -I"C:/Users/FLL1GA/Documents/Luis Javier Flores/Tec de Monterrey/8vo Semestre/DSPs/HRTF_project/stm32f4/UART_FULL_DUPLEX/CMSIS/core" -I"C:/Users/FLL1GA/Documents/Luis Javier Flores/Tec de Monterrey/8vo Semestre/DSPs/HRTF_project/stm32f4/UART_FULL_DUPLEX/Utilities/STM32F429I-Discovery" -O0 -g3 -Wall -fmessage-length=0 -ffunction-sections -c -MMD -MP -MF"Utilities/STM32F429I-Discovery/stm32f429i_discovery.d" -MT"Utilities/STM32F429I-Discovery/stm32f429i_discovery.o" -o "Utilities/STM32F429I-Discovery/stm32f429i_discovery.o" "../Utilities/STM32F429I-Discovery/stm32f429i_discovery.c"
C:\Users\FLL1GA\Documents\Luis Javier Flores\Tec de Monterrey\8vo Semestre\DSPs\HRTF_project\stm32f4\UART_FULL_DUPLEX\Debug
arm-none-eabi-gcc -mcpu=cortex-m4 -mthumb -mfloat-abi=hard -mfpu=fpv4-sp-d16 -DSTM32 -DARM_MATH_CM4 '-D__FPU_USED = 1' '-D__FPU_PRESENT = 1' -DSTM32F4 -DSTM32F429ZITx -DSTM32F429I_DISCO -DDEBUG -DSTM32F429_439xx -DUSE_STDPERIPH_DRIVER -I"C:/Users/FLL1GA/Documents/Luis Javier Flores/Tec de Monterrey/8vo Semestre/DSPs/HRTF_project/stm32f4/UART_FULL_DUPLEX/Utilities/Common" -I"C:/Users/FLL1GA/Documents/Luis Javier Flores/Tec de Monterrey/8vo Semestre/DSPs/HRTF_project/stm32f4/UART_FULL_DUPLEX/StdPeriph_Driver/inc" -I"C:/Users/FLL1GA/Documents/Luis Javier Flores/Tec de Monterrey/8vo Semestre/DSPs/HRTF_project/stm32f4/UART_FULL_DUPLEX/inc" -I"C:/Users/FLL1GA/Documents/Luis Javier Flores/Tec de Monterrey/8vo Semestre/DSPs/HRTF_project/stm32f4/UART_FULL_DUPLEX/CMSIS/device" -I"C:/Users/FLL1GA/Documents/Luis Javier Flores/Tec de Monterrey/8vo Semestre/DSPs/HRTF_project/stm32f4/UART_FULL_DUPLEX/CMSIS/core" -I"C:/Users/FLL1GA/Documents/Luis Javier Flores/Tec de Monterrey/8vo Semestre/DSPs/HRTF_project/stm32f4/UART_FULL_DUPLEX/Utilities/STM32F429I-Discovery" -O0 -g3 -Wall -fmessage-length=0 -ffunction-sections -c -MMD -MP -MF"Utilities/STM32F429I-Discovery/stm32f429i_discovery_lcd.d" -MT"Utilities/STM32F429I-Discovery/stm32f429i_discovery_lcd.o" -o "Utilities/STM32F429I-Discovery/stm32f429i_discovery_lcd.o" "../Utilities/STM32F429I-Discovery/stm32f429i_discovery_lcd.c"
Finished building: ../Utilities/STM32F429I-Discovery/stm32f429i_discovery_l3gd20.c
Finished building: ../Utilities/STM32F429I-Discovery/stm32f429i_discovery.c
 
 
Finished building: ../Utilities/STM32F429I-Discovery/stm32f429i_discovery_ioe.c
Building file: ../Utilities/STM32F429I-Discovery/stm32f429i_discovery_sdram.c
Building file: ../Utilities/Common/lcd_log.c
 
Finished building: ../Utilities/STM32F429I-Discovery/stm32f429i_discovery_lcd.c
Invoking: MCU GCC Compiler
Invoking: MCU GCC Compiler
Building file: ../StdPeriph_Driver/src/misc.c
 
C:\Users\FLL1GA\Documents\Luis Javier Flores\Tec de Monterrey\8vo Semestre\DSPs\HRTF_project\stm32f4\UART_FULL_DUPLEX\Debug
C:\Users\FLL1GA\Documents\Luis Javier Flores\Tec de Monterrey\8vo Semestre\DSPs\HRTF_project\stm32f4\UART_FULL_DUPLEX\Debug
Invoking: MCU GCC Compiler
Building file: ../StdPeriph_Driver/src/stm32f4xx_adc.c
arm-none-eabi-gcc -mcpu=cortex-m4 -mthumb -mfloat-abi=hard -mfpu=fpv4-sp-d16 -DSTM32 -DARM_MATH_CM4 '-D__FPU_USED = 1' '-D__FPU_PRESENT = 1' -DSTM32F4 -DSTM32F429ZITx -DSTM32F429I_DISCO -DDEBUG -DSTM32F429_439xx -DUSE_STDPERIPH_DRIVER -I"C:/Users/FLL1GA/Documents/Luis Javier Flores/Tec de Monterrey/8vo Semestre/DSPs/HRTF_project/stm32f4/UART_FULL_DUPLEX/Utilities/Common" -I"C:/Users/FLL1GA/Documents/Luis Javier Flores/Tec de Monterrey/8vo Semestre/DSPs/HRTF_project/stm32f4/UART_FULL_DUPLEX/StdPeriph_Driver/inc" -I"C:/Users/FLL1GA/Documents/Luis Javier Flores/Tec de Monterrey/8vo Semestre/DSPs/HRTF_project/stm32f4/UART_FULL_DUPLEX/inc" -I"C:/Users/FLL1GA/Documents/Luis Javier Flores/Tec de Monterrey/8vo Semestre/DSPs/HRTF_project/stm32f4/UART_FULL_DUPLEX/CMSIS/device" -I"C:/Users/FLL1GA/Documents/Luis Javier Flores/Tec de Monterrey/8vo Semestre/DSPs/HRTF_project/stm32f4/UART_FULL_DUPLEX/CMSIS/core" -I"C:/Users/FLL1GA/Documents/Luis Javier Flores/Tec de Monterrey/8vo Semestre/DSPs/HRTF_project/stm32f4/UART_FULL_DUPLEX/Utilities/STM32F429I-Discovery" -O0 -g3 -Wall -fmessage-length=0 -ffunction-sections -c -MMD -MP -MF"Utilities/STM32F429I-Discovery/stm32f429i_discovery_sdram.d" -MT"Utilities/STM32F429I-Discovery/stm32f429i_discovery_sdram.o" -o "Utilities/STM32F429I-Discovery/stm32f429i_discovery_sdram.o" "../Utilities/STM32F429I-Discovery/stm32f429i_discovery_sdram.c"
arm-none-eabi-gcc -mcpu=cortex-m4 -mthumb -mfloat-abi=hard -mfpu=fpv4-sp-d16 -DSTM32 -DARM_MATH_CM4 '-D__FPU_USED = 1' '-D__FPU_PRESENT = 1' -DSTM32F4 -DSTM32F429ZITx -DSTM32F429I_DISCO -DDEBUG -DSTM32F429_439xx -DUSE_STDPERIPH_DRIVER -I"C:/Users/FLL1GA/Documents/Luis Javier Flores/Tec de Monterrey/8vo Semestre/DSPs/HRTF_project/stm32f4/UART_FULL_DUPLEX/Utilities/Common" -I"C:/Users/FLL1GA/Documents/Luis Javier Flores/Tec de Monterrey/8vo Semestre/DSPs/HRTF_project/stm32f4/UART_FULL_DUPLEX/StdPeriph_Driver/inc" -I"C:/Users/FLL1GA/Documents/Luis Javier Flores/Tec de Monterrey/8vo Semestre/DSPs/HRTF_project/stm32f4/UART_FULL_DUPLEX/inc" -I"C:/Users/FLL1GA/Documents/Luis Javier Flores/Tec de Monterrey/8vo Semestre/DSPs/HRTF_project/stm32f4/UART_FULL_DUPLEX/CMSIS/device" -I"C:/Users/FLL1GA/Documents/Luis Javier Flores/Tec de Monterrey/8vo Semestre/DSPs/HRTF_project/stm32f4/UART_FULL_DUPLEX/CMSIS/core" -I"C:/Users/FLL1GA/Documents/Luis Javier Flores/Tec de Monterrey/8vo Semestre/DSPs/HRTF_project/stm32f4/UART_FULL_DUPLEX/Utilities/STM32F429I-Discovery" -O0 -g3 -Wall -fmessage-length=0 -ffunction-sections -c -MMD -MP -MF"Utilities/Common/lcd_log.d" -MT"Utilities/Common/lcd_log.o" -o "Utilities/Common/lcd_log.o" "../Utilities/Common/lcd_log.c"
Invoking: MCU GCC Compiler
C:\Users\FLL1GA\Documents\Luis Javier Flores\Tec de Monterrey\8vo Semestre\DSPs\HRTF_project\stm32f4\UART_FULL_DUPLEX\Debug
arm-none-eabi-gcc -mcpu=cortex-m4 -mthumb -mfloat-abi=hard -mfpu=fpv4-sp-d16 -DSTM32 -DARM_MATH_CM4 '-D__FPU_USED = 1' '-D__FPU_PRESENT = 1' -DSTM32F4 -DSTM32F429ZITx -DSTM32F429I_DISCO -DDEBUG -DSTM32F429_439xx -DUSE_STDPERIPH_DRIVER -I"C:/Users/FLL1GA/Documents/Luis Javier Flores/Tec de Monterrey/8vo Semestre/DSPs/HRTF_project/stm32f4/UART_FULL_DUPLEX/Utilities/Common" -I"C:/Users/FLL1GA/Documents/Luis Javier Flores/Tec de Monterrey/8vo Semestre/DSPs/HRTF_project/stm32f4/UART_FULL_DUPLEX/StdPeriph_Driver/inc" -I"C:/Users/FLL1GA/Documents/Luis Javier Flores/Tec de Monterrey/8vo Semestre/DSPs/HRTF_project/stm32f4/UART_FULL_DUPLEX/inc" -I"C:/Users/FLL1GA/Documents/Luis Javier Flores/Tec de Monterrey/8vo Semestre/DSPs/HRTF_project/stm32f4/UART_FULL_DUPLEX/CMSIS/device" -I"C:/Users/FLL1GA/Documents/Luis Javier Flores/Tec de Monterrey/8vo Semestre/DSPs/HRTF_project/stm32f4/UART_FULL_DUPLEX/CMSIS/core" -I"C:/Users/FLL1GA/Documents/Luis Javier Flores/Tec de Monterrey/8vo Semestre/DSPs/HRTF_project/stm32f4/UART_FULL_DUPLEX/Utilities/STM32F429I-Discovery" -O0 -g3 -Wall -fmessage-length=0 -ffunction-sections -c -MMD -MP -MF"StdPeriph_Driver/src/misc.d" -MT"StdPeriph_Driver/src/misc.o" -o "StdPeriph_Driver/src/misc.o" "../StdPeriph_Driver/src/misc.c"
C:\Users\FLL1GA\Documents\Luis Javier Flores\Tec de Monterrey\8vo Semestre\DSPs\HRTF_project\stm32f4\UART_FULL_DUPLEX\Debug
arm-none-eabi-gcc -mcpu=cortex-m4 -mthumb -mfloat-abi=hard -mfpu=fpv4-sp-d16 -DSTM32 -DARM_MATH_CM4 '-D__FPU_USED = 1' '-D__FPU_PRESENT = 1' -DSTM32F4 -DSTM32F429ZITx -DSTM32F429I_DISCO -DDEBUG -DSTM32F429_439xx -DUSE_STDPERIPH_DRIVER -I"C:/Users/FLL1GA/Documents/Luis Javier Flores/Tec de Monterrey/8vo Semestre/DSPs/HRTF_project/stm32f4/UART_FULL_DUPLEX/Utilities/Common" -I"C:/Users/FLL1GA/Documents/Luis Javier Flores/Tec de Monterrey/8vo Semestre/DSPs/HRTF_project/stm32f4/UART_FULL_DUPLEX/StdPeriph_Driver/inc" -I"C:/Users/FLL1GA/Documents/Luis Javier Flores/Tec de Monterrey/8vo Semestre/DSPs/HRTF_project/stm32f4/UART_FULL_DUPLEX/inc" -I"C:/Users/FLL1GA/Documents/Luis Javier Flores/Tec de Monterrey/8vo Semestre/DSPs/HRTF_project/stm32f4/UART_FULL_DUPLEX/CMSIS/device" -I"C:/Users/FLL1GA/Documents/Luis Javier Flores/Tec de Monterrey/8vo Semestre/DSPs/HRTF_project/stm32f4/UART_FULL_DUPLEX/CMSIS/core" -I"C:/Users/FLL1GA/Documents/Luis Javier Flores/Tec de Monterrey/8vo Semestre/DSPs/HRTF_project/stm32f4/UART_FULL_DUPLEX/Utilities/STM32F429I-Discovery" -O0 -g3 -Wall -fmessage-length=0 -ffunction-sections -c -MMD -MP -MF"StdPeriph_Driver/src/stm32f4xx_adc.d" -MT"StdPeriph_Driver/src/stm32f4xx_adc.o" -o "StdPeriph_Driver/src/stm32f4xx_adc.o" "../StdPeriph_Driver/src/stm32f4xx_adc.c"
Finished building: ../Utilities/STM32F429I-Discovery/stm32f429i_discovery_sdram.c
Finished building: ../Utilities/Common/lcd_log.c
Finished building: ../StdPeriph_Driver/src/misc.c
 
 
 
Building file: ../StdPeriph_Driver/src/stm32f4xx_can.c
Building file: ../StdPeriph_Driver/src/stm32f4xx_crc.c
Building file: ../StdPeriph_Driver/src/stm32f4xx_cryp.c
Invoking: MCU GCC Compiler
Invoking: MCU GCC Compiler
Finished building: ../StdPeriph_Driver/src/stm32f4xx_adc.c
C:\Users\FLL1GA\Documents\Luis Javier Flores\Tec de Monterrey\8vo Semestre\DSPs\HRTF_project\stm32f4\UART_FULL_DUPLEX\Debug
Invoking: MCU GCC Compiler
arm-none-eabi-gcc -mcpu=cortex-m4 -mthumb -mfloat-abi=hard -mfpu=fpv4-sp-d16 -DSTM32 -DARM_MATH_CM4 '-D__FPU_USED = 1' '-D__FPU_PRESENT = 1' -DSTM32F4 -DSTM32F429ZITx -DSTM32F429I_DISCO -DDEBUG -DSTM32F429_439xx -DUSE_STDPERIPH_DRIVER -I"C:/Users/FLL1GA/Documents/Luis Javier Flores/Tec de Monterrey/8vo Semestre/DSPs/HRTF_project/stm32f4/UART_FULL_DUPLEX/Utilities/Common" -I"C:/Users/FLL1GA/Documents/Luis Javier Flores/Tec de Monterrey/8vo Semestre/DSPs/HRTF_project/stm32f4/UART_FULL_DUPLEX/StdPeriph_Driver/inc" -I"C:/Users/FLL1GA/Documents/Luis Javier Flores/Tec de Monterrey/8vo Semestre/DSPs/HRTF_project/stm32f4/UART_FULL_DUPLEX/inc" -I"C:/Users/FLL1GA/Documents/Luis Javier Flores/Tec de Monterrey/8vo Semestre/DSPs/HRTF_project/stm32f4/UART_FULL_DUPLEX/CMSIS/device" -I"C:/Users/FLL1GA/Documents/Luis Javier Flores/Tec de Monterrey/8vo Semestre/DSPs/HRTF_project/stm32f4/UART_FULL_DUPLEX/CMSIS/core" -I"C:/Users/FLL1GA/Documents/Luis Javier Flores/Tec de Monterrey/8vo Semestre/DSPs/HRTF_project/stm32f4/UART_FULL_DUPLEX/Utilities/STM32F429I-Discovery" -O0 -g3 -Wall -fmessage-length=0 -ffunction-sections -c -MMD -MP -MF"StdPeriph_Driver/src/stm32f4xx_can.d" -MT"StdPeriph_Driver/src/stm32f4xx_can.o" -o "StdPeriph_Driver/src/stm32f4xx_can.o" "../StdPeriph_Driver/src/stm32f4xx_can.c"
C:\Users\FLL1GA\Documents\Luis Javier Flores\Tec de Monterrey\8vo Semestre\DSPs\HRTF_project\stm32f4\UART_FULL_DUPLEX\Debug
 
arm-none-eabi-gcc -mcpu=cortex-m4 -mthumb -mfloat-abi=hard -mfpu=fpv4-sp-d16 -DSTM32 -DARM_MATH_CM4 '-D__FPU_USED = 1' '-D__FPU_PRESENT = 1' -DSTM32F4 -DSTM32F429ZITx -DSTM32F429I_DISCO -DDEBUG -DSTM32F429_439xx -DUSE_STDPERIPH_DRIVER -I"C:/Users/FLL1GA/Documents/Luis Javier Flores/Tec de Monterrey/8vo Semestre/DSPs/HRTF_project/stm32f4/UART_FULL_DUPLEX/Utilities/Common" -I"C:/Users/FLL1GA/Documents/Luis Javier Flores/Tec de Monterrey/8vo Semestre/DSPs/HRTF_project/stm32f4/UART_FULL_DUPLEX/StdPeriph_Driver/inc" -I"C:/Users/FLL1GA/Documents/Luis Javier Flores/Tec de Monterrey/8vo Semestre/DSPs/HRTF_project/stm32f4/UART_FULL_DUPLEX/inc" -I"C:/Users/FLL1GA/Documents/Luis Javier Flores/Tec de Monterrey/8vo Semestre/DSPs/HRTF_project/stm32f4/UART_FULL_DUPLEX/CMSIS/device" -I"C:/Users/FLL1GA/Documents/Luis Javier Flores/Tec de Monterrey/8vo Semestre/DSPs/HRTF_project/stm32f4/UART_FULL_DUPLEX/CMSIS/core" -I"C:/Users/FLL1GA/Documents/Luis Javier Flores/Tec de Monterrey/8vo Semestre/DSPs/HRTF_project/stm32f4/UART_FULL_DUPLEX/Utilities/STM32F429I-Discovery" -O0 -g3 -Wall -fmessage-length=0 -ffunction-sections -c -MMD -MP -MF"StdPeriph_Driver/src/stm32f4xx_crc.d" -MT"StdPeriph_Driver/src/stm32f4xx_crc.o" -o "StdPeriph_Driver/src/stm32f4xx_crc.o" "../StdPeriph_Driver/src/stm32f4xx_crc.c"
C:\Users\FLL1GA\Documents\Luis Javier Flores\Tec de Monterrey\8vo Semestre\DSPs\HRTF_project\stm32f4\UART_FULL_DUPLEX\Debug
arm-none-eabi-gcc -mcpu=cortex-m4 -mthumb -mfloat-abi=hard -mfpu=fpv4-sp-d16 -DSTM32 -DARM_MATH_CM4 '-D__FPU_USED = 1' '-D__FPU_PRESENT = 1' -DSTM32F4 -DSTM32F429ZITx -DSTM32F429I_DISCO -DDEBUG -DSTM32F429_439xx -DUSE_STDPERIPH_DRIVER -I"C:/Users/FLL1GA/Documents/Luis Javier Flores/Tec de Monterrey/8vo Semestre/DSPs/HRTF_project/stm32f4/UART_FULL_DUPLEX/Utilities/Common" -I"C:/Users/FLL1GA/Documents/Luis Javier Flores/Tec de Monterrey/8vo Semestre/DSPs/HRTF_project/stm32f4/UART_FULL_DUPLEX/StdPeriph_Driver/inc" -I"C:/Users/FLL1GA/Documents/Luis Javier Flores/Tec de Monterrey/8vo Semestre/DSPs/HRTF_project/stm32f4/UART_FULL_DUPLEX/inc" -I"C:/Users/FLL1GA/Documents/Luis Javier Flores/Tec de Monterrey/8vo Semestre/DSPs/HRTF_project/stm32f4/UART_FULL_DUPLEX/CMSIS/device" -I"C:/Users/FLL1GA/Documents/Luis Javier Flores/Tec de Monterrey/8vo Semestre/DSPs/HRTF_project/stm32f4/UART_FULL_DUPLEX/CMSIS/core" -I"C:/Users/FLL1GA/Documents/Luis Javier Flores/Tec de Monterrey/8vo Semestre/DSPs/HRTF_project/stm32f4/UART_FULL_DUPLEX/Utilities/STM32F429I-Discovery" -O0 -g3 -Wall -fmessage-length=0 -ffunction-sections -c -MMD -MP -MF"StdPeriph_Driver/src/stm32f4xx_cryp.d" -MT"StdPeriph_Driver/src/stm32f4xx_cryp.o" -o "StdPeriph_Driver/src/stm32f4xx_cryp.o" "../StdPeriph_Driver/src/stm32f4xx_cryp.c"
Building file: ../StdPeriph_Driver/src/stm32f4xx_cryp_aes.c
Invoking: MCU GCC Compiler
C:\Users\FLL1GA\Documents\Luis Javier Flores\Tec de Monterrey\8vo Semestre\DSPs\HRTF_project\stm32f4\UART_FULL_DUPLEX\Debug
arm-none-eabi-gcc -mcpu=cortex-m4 -mthumb -mfloat-abi=hard -mfpu=fpv4-sp-d16 -DSTM32 -DARM_MATH_CM4 '-D__FPU_USED = 1' '-D__FPU_PRESENT = 1' -DSTM32F4 -DSTM32F429ZITx -DSTM32F429I_DISCO -DDEBUG -DSTM32F429_439xx -DUSE_STDPERIPH_DRIVER -I"C:/Users/FLL1GA/Documents/Luis Javier Flores/Tec de Monterrey/8vo Semestre/DSPs/HRTF_project/stm32f4/UART_FULL_DUPLEX/Utilities/Common" -I"C:/Users/FLL1GA/Documents/Luis Javier Flores/Tec de Monterrey/8vo Semestre/DSPs/HRTF_project/stm32f4/UART_FULL_DUPLEX/StdPeriph_Driver/inc" -I"C:/Users/FLL1GA/Documents/Luis Javier Flores/Tec de Monterrey/8vo Semestre/DSPs/HRTF_project/stm32f4/UART_FULL_DUPLEX/inc" -I"C:/Users/FLL1GA/Documents/Luis Javier Flores/Tec de Monterrey/8vo Semestre/DSPs/HRTF_project/stm32f4/UART_FULL_DUPLEX/CMSIS/device" -I"C:/Users/FLL1GA/Documents/Luis Javier Flores/Tec de Monterrey/8vo Semestre/DSPs/HRTF_project/stm32f4/UART_FULL_DUPLEX/CMSIS/core" -I"C:/Users/FLL1GA/Documents/Luis Javier Flores/Tec de Monterrey/8vo Semestre/DSPs/HRTF_project/stm32f4/UART_FULL_DUPLEX/Utilities/STM32F429I-Discovery" -O0 -g3 -Wall -fmessage-length=0 -ffunction-sections -c -MMD -MP -MF"StdPeriph_Driver/src/stm32f4xx_cryp_aes.d" -MT"StdPeriph_Driver/src/stm32f4xx_cryp_aes.o" -o "StdPeriph_Driver/src/stm32f4xx_cryp_aes.o" "../StdPeriph_Driver/src/stm32f4xx_cryp_aes.c"
Finished building: ../StdPeriph_Driver/src/stm32f4xx_crc.c
Finished building: ../StdPeriph_Driver/src/stm32f4xx_can.c
Finished building: ../StdPeriph_Driver/src/stm32f4xx_cryp.c
 
 
 
Building file: ../StdPeriph_Driver/src/stm32f4xx_cryp_des.c
Building file: ../StdPeriph_Driver/src/stm32f4xx_cryp_tdes.c
Building file: ../StdPeriph_Driver/src/stm32f4xx_dac.c
Invoking: MCU GCC Compiler
Invoking: MCU GCC Compiler
Invoking: MCU GCC Compiler
C:\Users\FLL1GA\Documents\Luis Javier Flores\Tec de Monterrey\8vo Semestre\DSPs\HRTF_project\stm32f4\UART_FULL_DUPLEX\Debug
C:\Users\FLL1GA\Documents\Luis Javier Flores\Tec de Monterrey\8vo Semestre\DSPs\HRTF_project\stm32f4\UART_FULL_DUPLEX\Debug
arm-none-eabi-gcc -mcpu=cortex-m4 -mthumb -mfloat-abi=hard -mfpu=fpv4-sp-d16 -DSTM32 -DARM_MATH_CM4 '-D__FPU_USED = 1' '-D__FPU_PRESENT = 1' -DSTM32F4 -DSTM32F429ZITx -DSTM32F429I_DISCO -DDEBUG -DSTM32F429_439xx -DUSE_STDPERIPH_DRIVER -I"C:/Users/FLL1GA/Documents/Luis Javier Flores/Tec de Monterrey/8vo Semestre/DSPs/HRTF_project/stm32f4/UART_FULL_DUPLEX/Utilities/Common" -I"C:/Users/FLL1GA/Documents/Luis Javier Flores/Tec de Monterrey/8vo Semestre/DSPs/HRTF_project/stm32f4/UART_FULL_DUPLEX/StdPeriph_Driver/inc" -I"C:/Users/FLL1GA/Documents/Luis Javier Flores/Tec de Monterrey/8vo Semestre/DSPs/HRTF_project/stm32f4/UART_FULL_DUPLEX/inc" -I"C:/Users/FLL1GA/Documents/Luis Javier Flores/Tec de Monterrey/8vo Semestre/DSPs/HRTF_project/stm32f4/UART_FULL_DUPLEX/CMSIS/device" -I"C:/Users/FLL1GA/Documents/Luis Javier Flores/Tec de Monterrey/8vo Semestre/DSPs/HRTF_project/stm32f4/UART_FULL_DUPLEX/CMSIS/core" -I"C:/Users/FLL1GA/Documents/Luis Javier Flores/Tec de Monterrey/8vo Semestre/DSPs/HRTF_project/stm32f4/UART_FULL_DUPLEX/Utilities/STM32F429I-Discovery" -O0 -g3 -Wall -fmessage-length=0 -ffunction-sections -c -MMD -MP -MF"StdPeriph_Driver/src/stm32f4xx_cryp_des.d" -MT"StdPeriph_Driver/src/stm32f4xx_cryp_des.o" -o "StdPeriph_Driver/src/stm32f4xx_cryp_des.o" "../StdPeriph_Driver/src/stm32f4xx_cryp_des.c"
arm-none-eabi-gcc -mcpu=cortex-m4 -mthumb -mfloat-abi=hard -mfpu=fpv4-sp-d16 -DSTM32 -DARM_MATH_CM4 '-D__FPU_USED = 1' '-D__FPU_PRESENT = 1' -DSTM32F4 -DSTM32F429ZITx -DSTM32F429I_DISCO -DDEBUG -DSTM32F429_439xx -DUSE_STDPERIPH_DRIVER -I"C:/Users/FLL1GA/Documents/Luis Javier Flores/Tec de Monterrey/8vo Semestre/DSPs/HRTF_project/stm32f4/UART_FULL_DUPLEX/Utilities/Common" -I"C:/Users/FLL1GA/Documents/Luis Javier Flores/Tec de Monterrey/8vo Semestre/DSPs/HRTF_project/stm32f4/UART_FULL_DUPLEX/StdPeriph_Driver/inc" -I"C:/Users/FLL1GA/Documents/Luis Javier Flores/Tec de Monterrey/8vo Semestre/DSPs/HRTF_project/stm32f4/UART_FULL_DUPLEX/inc" -I"C:/Users/FLL1GA/Documents/Luis Javier Flores/Tec de Monterrey/8vo Semestre/DSPs/HRTF_project/stm32f4/UART_FULL_DUPLEX/CMSIS/device" -I"C:/Users/FLL1GA/Documents/Luis Javier Flores/Tec de Monterrey/8vo Semestre/DSPs/HRTF_project/stm32f4/UART_FULL_DUPLEX/CMSIS/core" -I"C:/Users/FLL1GA/Documents/Luis Javier Flores/Tec de Monterrey/8vo Semestre/DSPs/HRTF_project/stm32f4/UART_FULL_DUPLEX/Utilities/STM32F429I-Discovery" -O0 -g3 -Wall -fmessage-length=0 -ffunction-sections -c -MMD -MP -MF"StdPeriph_Driver/src/stm32f4xx_cryp_tdes.d" -MT"StdPeriph_Driver/src/stm32f4xx_cryp_tdes.o" -o "StdPeriph_Driver/src/stm32f4xx_cryp_tdes.o" "../StdPeriph_Driver/src/stm32f4xx_cryp_tdes.c"
Finished building: ../StdPeriph_Driver/src/stm32f4xx_cryp_aes.c
C:\Users\FLL1GA\Documents\Luis Javier Flores\Tec de Monterrey\8vo Semestre\DSPs\HRTF_project\stm32f4\UART_FULL_DUPLEX\Debug
arm-none-eabi-gcc -mcpu=cortex-m4 -mthumb -mfloat-abi=hard -mfpu=fpv4-sp-d16 -DSTM32 -DARM_MATH_CM4 '-D__FPU_USED = 1' '-D__FPU_PRESENT = 1' -DSTM32F4 -DSTM32F429ZITx -DSTM32F429I_DISCO -DDEBUG -DSTM32F429_439xx -DUSE_STDPERIPH_DRIVER -I"C:/Users/FLL1GA/Documents/Luis Javier Flores/Tec de Monterrey/8vo Semestre/DSPs/HRTF_project/stm32f4/UART_FULL_DUPLEX/Utilities/Common" -I"C:/Users/FLL1GA/Documents/Luis Javier Flores/Tec de Monterrey/8vo Semestre/DSPs/HRTF_project/stm32f4/UART_FULL_DUPLEX/StdPeriph_Driver/inc" -I"C:/Users/FLL1GA/Documents/Luis Javier Flores/Tec de Monterrey/8vo Semestre/DSPs/HRTF_project/stm32f4/UART_FULL_DUPLEX/inc" -I"C:/Users/FLL1GA/Documents/Luis Javier Flores/Tec de Monterrey/8vo Semestre/DSPs/HRTF_project/stm32f4/UART_FULL_DUPLEX/CMSIS/device" -I"C:/Users/FLL1GA/Documents/Luis Javier Flores/Tec de Monterrey/8vo Semestre/DSPs/HRTF_project/stm32f4/UART_FULL_DUPLEX/CMSIS/core" -I"C:/Users/FLL1GA/Documents/Luis Javier Flores/Tec de Monterrey/8vo Semestre/DSPs/HRTF_project/stm32f4/UART_FULL_DUPLEX/Utilities/STM32F429I-Discovery" -O0 -g3 -Wall -fmessage-length=0 -ffunction-sections -c -MMD -MP -MF"StdPeriph_Driver/src/stm32f4xx_dac.d" -MT"StdPeriph_Driver/src/stm32f4xx_dac.o" -o "StdPeriph_Driver/src/stm32f4xx_dac.o" "../StdPeriph_Driver/src/stm32f4xx_dac.c"
 
Building file: ../StdPeriph_Driver/src/stm32f4xx_dbgmcu.c
Invoking: MCU GCC Compiler
C:\Users\FLL1GA\Documents\Luis Javier Flores\Tec de Monterrey\8vo Semestre\DSPs\HRTF_project\stm32f4\UART_FULL_DUPLEX\Debug
arm-none-eabi-gcc -mcpu=cortex-m4 -mthumb -mfloat-abi=hard -mfpu=fpv4-sp-d16 -DSTM32 -DARM_MATH_CM4 '-D__FPU_USED = 1' '-D__FPU_PRESENT = 1' -DSTM32F4 -DSTM32F429ZITx -DSTM32F429I_DISCO -DDEBUG -DSTM32F429_439xx -DUSE_STDPERIPH_DRIVER -I"C:/Users/FLL1GA/Documents/Luis Javier Flores/Tec de Monterrey/8vo Semestre/DSPs/HRTF_project/stm32f4/UART_FULL_DUPLEX/Utilities/Common" -I"C:/Users/FLL1GA/Documents/Luis Javier Flores/Tec de Monterrey/8vo Semestre/DSPs/HRTF_project/stm32f4/UART_FULL_DUPLEX/StdPeriph_Driver/inc" -I"C:/Users/FLL1GA/Documents/Luis Javier Flores/Tec de Monterrey/8vo Semestre/DSPs/HRTF_project/stm32f4/UART_FULL_DUPLEX/inc" -I"C:/Users/FLL1GA/Documents/Luis Javier Flores/Tec de Monterrey/8vo Semestre/DSPs/HRTF_project/stm32f4/UART_FULL_DUPLEX/CMSIS/device" -I"C:/Users/FLL1GA/Documents/Luis Javier Flores/Tec de Monterrey/8vo Semestre/DSPs/HRTF_project/stm32f4/UART_FULL_DUPLEX/CMSIS/core" -I"C:/Users/FLL1GA/Documents/Luis Javier Flores/Tec de Monterrey/8vo Semestre/DSPs/HRTF_project/stm32f4/UART_FULL_DUPLEX/Utilities/STM32F429I-Discovery" -O0 -g3 -Wall -fmessage-length=0 -ffunction-sections -c -MMD -MP -MF"StdPeriph_Driver/src/stm32f4xx_dbgmcu.d" -MT"StdPeriph_Driver/src/stm32f4xx_dbgmcu.o" -o "StdPeriph_Driver/src/stm32f4xx_dbgmcu.o" "../StdPeriph_Driver/src/stm32f4xx_dbgmcu.c"
Finished building: ../StdPeriph_Driver/src/stm32f4xx_cryp_des.c
Finished building: ../StdPeriph_Driver/src/stm32f4xx_cryp_tdes.c
Finished building: ../StdPeriph_Driver/src/stm32f4xx_dac.c
 
 
 
Building file: ../StdPeriph_Driver/src/stm32f4xx_dcmi.c
Building file: ../StdPeriph_Driver/src/stm32f4xx_dma.c
Building file: ../StdPeriph_Driver/src/stm32f4xx_dma2d.c
Invoking: MCU GCC Compiler
Invoking: MCU GCC Compiler
Invoking: MCU GCC Compiler
C:\Users\FLL1GA\Documents\Luis Javier Flores\Tec de Monterrey\8vo Semestre\DSPs\HRTF_project\stm32f4\UART_FULL_DUPLEX\Debug
arm-none-eabi-gcc -mcpu=cortex-m4 -mthumb -mfloat-abi=hard -mfpu=fpv4-sp-d16 -DSTM32 -DARM_MATH_CM4 '-D__FPU_USED = 1' '-D__FPU_PRESENT = 1' -DSTM32F4 -DSTM32F429ZITx -DSTM32F429I_DISCO -DDEBUG -DSTM32F429_439xx -DUSE_STDPERIPH_DRIVER -I"C:/Users/FLL1GA/Documents/Luis Javier Flores/Tec de Monterrey/8vo Semestre/DSPs/HRTF_project/stm32f4/UART_FULL_DUPLEX/Utilities/Common" -I"C:/Users/FLL1GA/Documents/Luis Javier Flores/Tec de Monterrey/8vo Semestre/DSPs/HRTF_project/stm32f4/UART_FULL_DUPLEX/StdPeriph_Driver/inc" -I"C:/Users/FLL1GA/Documents/Luis Javier Flores/Tec de Monterrey/8vo Semestre/DSPs/HRTF_project/stm32f4/UART_FULL_DUPLEX/inc" -I"C:/Users/FLL1GA/Documents/Luis Javier Flores/Tec de Monterrey/8vo Semestre/DSPs/HRTF_project/stm32f4/UART_FULL_DUPLEX/CMSIS/device" -I"C:/Users/FLL1GA/Documents/Luis Javier Flores/Tec de Monterrey/8vo Semestre/DSPs/HRTF_project/stm32f4/UART_FULL_DUPLEX/CMSIS/core" -I"C:/Users/FLL1GA/Documents/Luis Javier Flores/Tec de Monterrey/8vo Semestre/DSPs/HRTF_project/stm32f4/UART_FULL_DUPLEX/Utilities/STM32F429I-Discovery" -O0 -g3 -Wall -fmessage-length=0 -ffunction-sections -c -MMD -MP -MF"StdPeriph_Driver/src/stm32f4xx_dcmi.d" -MT"StdPeriph_Driver/src/stm32f4xx_dcmi.o" -o "StdPeriph_Driver/src/stm32f4xx_dcmi.o" "../StdPeriph_Driver/src/stm32f4xx_dcmi.c"
C:\Users\FLL1GA\Documents\Luis Javier Flores\Tec de Monterrey\8vo Semestre\DSPs\HRTF_project\stm32f4\UART_FULL_DUPLEX\Debug
C:\Users\FLL1GA\Documents\Luis Javier Flores\Tec de Monterrey\8vo Semestre\DSPs\HRTF_project\stm32f4\UART_FULL_DUPLEX\Debug
arm-none-eabi-gcc -mcpu=cortex-m4 -mthumb -mfloat-abi=hard -mfpu=fpv4-sp-d16 -DSTM32 -DARM_MATH_CM4 '-D__FPU_USED = 1' '-D__FPU_PRESENT = 1' -DSTM32F4 -DSTM32F429ZITx -DSTM32F429I_DISCO -DDEBUG -DSTM32F429_439xx -DUSE_STDPERIPH_DRIVER -I"C:/Users/FLL1GA/Documents/Luis Javier Flores/Tec de Monterrey/8vo Semestre/DSPs/HRTF_project/stm32f4/UART_FULL_DUPLEX/Utilities/Common" -I"C:/Users/FLL1GA/Documents/Luis Javier Flores/Tec de Monterrey/8vo Semestre/DSPs/HRTF_project/stm32f4/UART_FULL_DUPLEX/StdPeriph_Driver/inc" -I"C:/Users/FLL1GA/Documents/Luis Javier Flores/Tec de Monterrey/8vo Semestre/DSPs/HRTF_project/stm32f4/UART_FULL_DUPLEX/inc" -I"C:/Users/FLL1GA/Documents/Luis Javier Flores/Tec de Monterrey/8vo Semestre/DSPs/HRTF_project/stm32f4/UART_FULL_DUPLEX/CMSIS/device" -I"C:/Users/FLL1GA/Documents/Luis Javier Flores/Tec de Monterrey/8vo Semestre/DSPs/HRTF_project/stm32f4/UART_FULL_DUPLEX/CMSIS/core" -I"C:/Users/FLL1GA/Documents/Luis Javier Flores/Tec de Monterrey/8vo Semestre/DSPs/HRTF_project/stm32f4/UART_FULL_DUPLEX/Utilities/STM32F429I-Discovery" -O0 -g3 -Wall -fmessage-length=0 -ffunction-sections -c -MMD -MP -MF"StdPeriph_Driver/src/stm32f4xx_dma2d.d" -MT"StdPeriph_Driver/src/stm32f4xx_dma2d.o" -o "StdPeriph_Driver/src/stm32f4xx_dma2d.o" "../StdPeriph_Driver/src/stm32f4xx_dma2d.c"
arm-none-eabi-gcc -mcpu=cortex-m4 -mthumb -mfloat-abi=hard -mfpu=fpv4-sp-d16 -DSTM32 -DARM_MATH_CM4 '-D__FPU_USED = 1' '-D__FPU_PRESENT = 1' -DSTM32F4 -DSTM32F429ZITx -DSTM32F429I_DISCO -DDEBUG -DSTM32F429_439xx -DUSE_STDPERIPH_DRIVER -I"C:/Users/FLL1GA/Documents/Luis Javier Flores/Tec de Monterrey/8vo Semestre/DSPs/HRTF_project/stm32f4/UART_FULL_DUPLEX/Utilities/Common" -I"C:/Users/FLL1GA/Documents/Luis Javier Flores/Tec de Monterrey/8vo Semestre/DSPs/HRTF_project/stm32f4/UART_FULL_DUPLEX/StdPeriph_Driver/inc" -I"C:/Users/FLL1GA/Documents/Luis Javier Flores/Tec de Monterrey/8vo Semestre/DSPs/HRTF_project/stm32f4/UART_FULL_DUPLEX/inc" -I"C:/Users/FLL1GA/Documents/Luis Javier Flores/Tec de Monterrey/8vo Semestre/DSPs/HRTF_project/stm32f4/UART_FULL_DUPLEX/CMSIS/device" -I"C:/Users/FLL1GA/Documents/Luis Javier Flores/Tec de Monterrey/8vo Semestre/DSPs/HRTF_project/stm32f4/UART_FULL_DUPLEX/CMSIS/core" -I"C:/Users/FLL1GA/Documents/Luis Javier Flores/Tec de Monterrey/8vo Semestre/DSPs/HRTF_project/stm32f4/UART_FULL_DUPLEX/Utilities/STM32F429I-Discovery" -O0 -g3 -Wall -fmessage-length=0 -ffunction-sections -c -MMD -MP -MF"StdPeriph_Driver/src/stm32f4xx_dma.d" -MT"StdPeriph_Driver/src/stm32f4xx_dma.o" -o "StdPeriph_Driver/src/stm32f4xx_dma.o" "../StdPeriph_Driver/src/stm32f4xx_dma.c"
Finished building: ../StdPeriph_Driver/src/stm32f4xx_dbgmcu.c
 
Building file: ../StdPeriph_Driver/src/stm32f4xx_exti.c
Invoking: MCU GCC Compiler
C:\Users\FLL1GA\Documents\Luis Javier Flores\Tec de Monterrey\8vo Semestre\DSPs\HRTF_project\stm32f4\UART_FULL_DUPLEX\Debug
arm-none-eabi-gcc -mcpu=cortex-m4 -mthumb -mfloat-abi=hard -mfpu=fpv4-sp-d16 -DSTM32 -DARM_MATH_CM4 '-D__FPU_USED = 1' '-D__FPU_PRESENT = 1' -DSTM32F4 -DSTM32F429ZITx -DSTM32F429I_DISCO -DDEBUG -DSTM32F429_439xx -DUSE_STDPERIPH_DRIVER -I"C:/Users/FLL1GA/Documents/Luis Javier Flores/Tec de Monterrey/8vo Semestre/DSPs/HRTF_project/stm32f4/UART_FULL_DUPLEX/Utilities/Common" -I"C:/Users/FLL1GA/Documents/Luis Javier Flores/Tec de Monterrey/8vo Semestre/DSPs/HRTF_project/stm32f4/UART_FULL_DUPLEX/StdPeriph_Driver/inc" -I"C:/Users/FLL1GA/Documents/Luis Javier Flores/Tec de Monterrey/8vo Semestre/DSPs/HRTF_project/stm32f4/UART_FULL_DUPLEX/inc" -I"C:/Users/FLL1GA/Documents/Luis Javier Flores/Tec de Monterrey/8vo Semestre/DSPs/HRTF_project/stm32f4/UART_FULL_DUPLEX/CMSIS/device" -I"C:/Users/FLL1GA/Documents/Luis Javier Flores/Tec de Monterrey/8vo Semestre/DSPs/HRTF_project/stm32f4/UART_FULL_DUPLEX/CMSIS/core" -I"C:/Users/FLL1GA/Documents/Luis Javier Flores/Tec de Monterrey/8vo Semestre/DSPs/HRTF_project/stm32f4/UART_FULL_DUPLEX/Utilities/STM32F429I-Discovery" -O0 -g3 -Wall -fmessage-length=0 -ffunction-sections -c -MMD -MP -MF"StdPeriph_Driver/src/stm32f4xx_exti.d" -MT"StdPeriph_Driver/src/stm32f4xx_exti.o" -o "StdPeriph_Driver/src/stm32f4xx_exti.o" "../StdPeriph_Driver/src/stm32f4xx_exti.c"
Finished building: ../StdPeriph_Driver/src/stm32f4xx_dcmi.c
Finished building: ../StdPeriph_Driver/src/stm32f4xx_dma.c
Finished building: ../StdPeriph_Driver/src/stm32f4xx_dma2d.c
 
 
 
Building file: ../StdPeriph_Driver/src/stm32f4xx_flash.c
Building file: ../StdPeriph_Driver/src/stm32f4xx_fmc.c
Building file: ../StdPeriph_Driver/src/stm32f4xx_gpio.c
Invoking: MCU GCC Compiler
Invoking: MCU GCC Compiler
Invoking: MCU GCC Compiler
C:\Users\FLL1GA\Documents\Luis Javier Flores\Tec de Monterrey\8vo Semestre\DSPs\HRTF_project\stm32f4\UART_FULL_DUPLEX\Debug
C:\Users\FLL1GA\Documents\Luis Javier Flores\Tec de Monterrey\8vo Semestre\DSPs\HRTF_project\stm32f4\UART_FULL_DUPLEX\Debug
C:\Users\FLL1GA\Documents\Luis Javier Flores\Tec de Monterrey\8vo Semestre\DSPs\HRTF_project\stm32f4\UART_FULL_DUPLEX\Debug
arm-none-eabi-gcc -mcpu=cortex-m4 -mthumb -mfloat-abi=hard -mfpu=fpv4-sp-d16 -DSTM32 -DARM_MATH_CM4 '-D__FPU_USED = 1' '-D__FPU_PRESENT = 1' -DSTM32F4 -DSTM32F429ZITx -DSTM32F429I_DISCO -DDEBUG -DSTM32F429_439xx -DUSE_STDPERIPH_DRIVER -I"C:/Users/FLL1GA/Documents/Luis Javier Flores/Tec de Monterrey/8vo Semestre/DSPs/HRTF_project/stm32f4/UART_FULL_DUPLEX/Utilities/Common" -I"C:/Users/FLL1GA/Documents/Luis Javier Flores/Tec de Monterrey/8vo Semestre/DSPs/HRTF_project/stm32f4/UART_FULL_DUPLEX/StdPeriph_Driver/inc" -I"C:/Users/FLL1GA/Documents/Luis Javier Flores/Tec de Monterrey/8vo Semestre/DSPs/HRTF_project/stm32f4/UART_FULL_DUPLEX/inc" -I"C:/Users/FLL1GA/Documents/Luis Javier Flores/Tec de Monterrey/8vo Semestre/DSPs/HRTF_project/stm32f4/UART_FULL_DUPLEX/CMSIS/device" -I"C:/Users/FLL1GA/Documents/Luis Javier Flores/Tec de Monterrey/8vo Semestre/DSPs/HRTF_project/stm32f4/UART_FULL_DUPLEX/CMSIS/core" -I"C:/Users/FLL1GA/Documents/Luis Javier Flores/Tec de Monterrey/8vo Semestre/DSPs/HRTF_project/stm32f4/UART_FULL_DUPLEX/Utilities/STM32F429I-Discovery" -O0 -g3 -Wall -fmessage-length=0 -ffunction-sections -c -MMD -MP -MF"StdPeriph_Driver/src/stm32f4xx_flash.d" -MT"StdPeriph_Driver/src/stm32f4xx_flash.o" -o "StdPeriph_Driver/src/stm32f4xx_flash.o" "../StdPeriph_Driver/src/stm32f4xx_flash.c"
arm-none-eabi-gcc -mcpu=cortex-m4 -mthumb -mfloat-abi=hard -mfpu=fpv4-sp-d16 -DSTM32 -DARM_MATH_CM4 '-D__FPU_USED = 1' '-D__FPU_PRESENT = 1' -DSTM32F4 -DSTM32F429ZITx -DSTM32F429I_DISCO -DDEBUG -DSTM32F429_439xx -DUSE_STDPERIPH_DRIVER -I"C:/Users/FLL1GA/Documents/Luis Javier Flores/Tec de Monterrey/8vo Semestre/DSPs/HRTF_project/stm32f4/UART_FULL_DUPLEX/Utilities/Common" -I"C:/Users/FLL1GA/Documents/Luis Javier Flores/Tec de Monterrey/8vo Semestre/DSPs/HRTF_project/stm32f4/UART_FULL_DUPLEX/StdPeriph_Driver/inc" -I"C:/Users/FLL1GA/Documents/Luis Javier Flores/Tec de Monterrey/8vo Semestre/DSPs/HRTF_project/stm32f4/UART_FULL_DUPLEX/inc" -I"C:/Users/FLL1GA/Documents/Luis Javier Flores/Tec de Monterrey/8vo Semestre/DSPs/HRTF_project/stm32f4/UART_FULL_DUPLEX/CMSIS/device" -I"C:/Users/FLL1GA/Documents/Luis Javier Flores/Tec de Monterrey/8vo Semestre/DSPs/HRTF_project/stm32f4/UART_FULL_DUPLEX/CMSIS/core" -I"C:/Users/FLL1GA/Documents/Luis Javier Flores/Tec de Monterrey/8vo Semestre/DSPs/HRTF_project/stm32f4/UART_FULL_DUPLEX/Utilities/STM32F429I-Discovery" -O0 -g3 -Wall -fmessage-length=0 -ffunction-sections -c -MMD -MP -MF"StdPeriph_Driver/src/stm32f4xx_gpio.d" -MT"StdPeriph_Driver/src/stm32f4xx_gpio.o" -o "StdPeriph_Driver/src/stm32f4xx_gpio.o" "../StdPeriph_Driver/src/stm32f4xx_gpio.c"
arm-none-eabi-gcc -mcpu=cortex-m4 -mthumb -mfloat-abi=hard -mfpu=fpv4-sp-d16 -DSTM32 -DARM_MATH_CM4 '-D__FPU_USED = 1' '-D__FPU_PRESENT = 1' -DSTM32F4 -DSTM32F429ZITx -DSTM32F429I_DISCO -DDEBUG -DSTM32F429_439xx -DUSE_STDPERIPH_DRIVER -I"C:/Users/FLL1GA/Documents/Luis Javier Flores/Tec de Monterrey/8vo Semestre/DSPs/HRTF_project/stm32f4/UART_FULL_DUPLEX/Utilities/Common" -I"C:/Users/FLL1GA/Documents/Luis Javier Flores/Tec de Monterrey/8vo Semestre/DSPs/HRTF_project/stm32f4/UART_FULL_DUPLEX/StdPeriph_Driver/inc" -I"C:/Users/FLL1GA/Documents/Luis Javier Flores/Tec de Monterrey/8vo Semestre/DSPs/HRTF_project/stm32f4/UART_FULL_DUPLEX/inc" -I"C:/Users/FLL1GA/Documents/Luis Javier Flores/Tec de Monterrey/8vo Semestre/DSPs/HRTF_project/stm32f4/UART_FULL_DUPLEX/CMSIS/device" -I"C:/Users/FLL1GA/Documents/Luis Javier Flores/Tec de Monterrey/8vo Semestre/DSPs/HRTF_project/stm32f4/UART_FULL_DUPLEX/CMSIS/core" -I"C:/Users/FLL1GA/Documents/Luis Javier Flores/Tec de Monterrey/8vo Semestre/DSPs/HRTF_project/stm32f4/UART_FULL_DUPLEX/Utilities/STM32F429I-Discovery" -O0 -g3 -Wall -fmessage-length=0 -ffunction-sections -c -MMD -MP -MF"StdPeriph_Driver/src/stm32f4xx_fmc.d" -MT"StdPeriph_Driver/src/stm32f4xx_fmc.o" -o "StdPeriph_Driver/src/stm32f4xx_fmc.o" "../StdPeriph_Driver/src/stm32f4xx_fmc.c"
Finished building: ../StdPeriph_Driver/src/stm32f4xx_exti.c
 
Building file: ../StdPeriph_Driver/src/stm32f4xx_hash.c
Invoking: MCU GCC Compiler
C:\Users\FLL1GA\Documents\Luis Javier Flores\Tec de Monterrey\8vo Semestre\DSPs\HRTF_project\stm32f4\UART_FULL_DUPLEX\Debug
arm-none-eabi-gcc -mcpu=cortex-m4 -mthumb -mfloat-abi=hard -mfpu=fpv4-sp-d16 -DSTM32 -DARM_MATH_CM4 '-D__FPU_USED = 1' '-D__FPU_PRESENT = 1' -DSTM32F4 -DSTM32F429ZITx -DSTM32F429I_DISCO -DDEBUG -DSTM32F429_439xx -DUSE_STDPERIPH_DRIVER -I"C:/Users/FLL1GA/Documents/Luis Javier Flores/Tec de Monterrey/8vo Semestre/DSPs/HRTF_project/stm32f4/UART_FULL_DUPLEX/Utilities/Common" -I"C:/Users/FLL1GA/Documents/Luis Javier Flores/Tec de Monterrey/8vo Semestre/DSPs/HRTF_project/stm32f4/UART_FULL_DUPLEX/StdPeriph_Driver/inc" -I"C:/Users/FLL1GA/Documents/Luis Javier Flores/Tec de Monterrey/8vo Semestre/DSPs/HRTF_project/stm32f4/UART_FULL_DUPLEX/inc" -I"C:/Users/FLL1GA/Documents/Luis Javier Flores/Tec de Monterrey/8vo Semestre/DSPs/HRTF_project/stm32f4/UART_FULL_DUPLEX/CMSIS/device" -I"C:/Users/FLL1GA/Documents/Luis Javier Flores/Tec de Monterrey/8vo Semestre/DSPs/HRTF_project/stm32f4/UART_FULL_DUPLEX/CMSIS/core" -I"C:/Users/FLL1GA/Documents/Luis Javier Flores/Tec de Monterrey/8vo Semestre/DSPs/HRTF_project/stm32f4/UART_FULL_DUPLEX/Utilities/STM32F429I-Discovery" -O0 -g3 -Wall -fmessage-length=0 -ffunction-sections -c -MMD -MP -MF"StdPeriph_Driver/src/stm32f4xx_hash.d" -MT"StdPeriph_Driver/src/stm32f4xx_hash.o" -o "StdPeriph_Driver/src/stm32f4xx_hash.o" "../StdPeriph_Driver/src/stm32f4xx_hash.c"
Finished building: ../StdPeriph_Driver/src/stm32f4xx_gpio.c
Finished building: ../StdPeriph_Driver/src/stm32f4xx_flash.c
Finished building: ../StdPeriph_Driver/src/stm32f4xx_fmc.c
 
 
 
Building file: ../StdPeriph_Driver/src/stm32f4xx_hash_sha1.c
Building file: ../StdPeriph_Driver/src/stm32f4xx_hash_md5.c
Building file: ../StdPeriph_Driver/src/stm32f4xx_i2c.c
Invoking: MCU GCC Compiler
Invoking: MCU GCC Compiler
Invoking: MCU GCC Compiler
C:\Users\FLL1GA\Documents\Luis Javier Flores\Tec de Monterrey\8vo Semestre\DSPs\HRTF_project\stm32f4\UART_FULL_DUPLEX\Debug
C:\Users\FLL1GA\Documents\Luis Javier Flores\Tec de Monterrey\8vo Semestre\DSPs\HRTF_project\stm32f4\UART_FULL_DUPLEX\Debug
arm-none-eabi-gcc -mcpu=cortex-m4 -mthumb -mfloat-abi=hard -mfpu=fpv4-sp-d16 -DSTM32 -DARM_MATH_CM4 '-D__FPU_USED = 1' '-D__FPU_PRESENT = 1' -DSTM32F4 -DSTM32F429ZITx -DSTM32F429I_DISCO -DDEBUG -DSTM32F429_439xx -DUSE_STDPERIPH_DRIVER -I"C:/Users/FLL1GA/Documents/Luis Javier Flores/Tec de Monterrey/8vo Semestre/DSPs/HRTF_project/stm32f4/UART_FULL_DUPLEX/Utilities/Common" -I"C:/Users/FLL1GA/Documents/Luis Javier Flores/Tec de Monterrey/8vo Semestre/DSPs/HRTF_project/stm32f4/UART_FULL_DUPLEX/StdPeriph_Driver/inc" -I"C:/Users/FLL1GA/Documents/Luis Javier Flores/Tec de Monterrey/8vo Semestre/DSPs/HRTF_project/stm32f4/UART_FULL_DUPLEX/inc" -I"C:/Users/FLL1GA/Documents/Luis Javier Flores/Tec de Monterrey/8vo Semestre/DSPs/HRTF_project/stm32f4/UART_FULL_DUPLEX/CMSIS/device" -I"C:/Users/FLL1GA/Documents/Luis Javier Flores/Tec de Monterrey/8vo Semestre/DSPs/HRTF_project/stm32f4/UART_FULL_DUPLEX/CMSIS/core" -I"C:/Users/FLL1GA/Documents/Luis Javier Flores/Tec de Monterrey/8vo Semestre/DSPs/HRTF_project/stm32f4/UART_FULL_DUPLEX/Utilities/STM32F429I-Discovery" -O0 -g3 -Wall -fmessage-length=0 -ffunction-sections -c -MMD -MP -MF"StdPeriph_Driver/src/stm32f4xx_hash_sha1.d" -MT"StdPeriph_Driver/src/stm32f4xx_hash_sha1.o" -o "StdPeriph_Driver/src/stm32f4xx_hash_sha1.o" "../StdPeriph_Driver/src/stm32f4xx_hash_sha1.c"
C:\Users\FLL1GA\Documents\Luis Javier Flores\Tec de Monterrey\8vo Semestre\DSPs\HRTF_project\stm32f4\UART_FULL_DUPLEX\Debug
arm-none-eabi-gcc -mcpu=cortex-m4 -mthumb -mfloat-abi=hard -mfpu=fpv4-sp-d16 -DSTM32 -DARM_MATH_CM4 '-D__FPU_USED = 1' '-D__FPU_PRESENT = 1' -DSTM32F4 -DSTM32F429ZITx -DSTM32F429I_DISCO -DDEBUG -DSTM32F429_439xx -DUSE_STDPERIPH_DRIVER -I"C:/Users/FLL1GA/Documents/Luis Javier Flores/Tec de Monterrey/8vo Semestre/DSPs/HRTF_project/stm32f4/UART_FULL_DUPLEX/Utilities/Common" -I"C:/Users/FLL1GA/Documents/Luis Javier Flores/Tec de Monterrey/8vo Semestre/DSPs/HRTF_project/stm32f4/UART_FULL_DUPLEX/StdPeriph_Driver/inc" -I"C:/Users/FLL1GA/Documents/Luis Javier Flores/Tec de Monterrey/8vo Semestre/DSPs/HRTF_project/stm32f4/UART_FULL_DUPLEX/inc" -I"C:/Users/FLL1GA/Documents/Luis Javier Flores/Tec de Monterrey/8vo Semestre/DSPs/HRTF_project/stm32f4/UART_FULL_DUPLEX/CMSIS/device" -I"C:/Users/FLL1GA/Documents/Luis Javier Flores/Tec de Monterrey/8vo Semestre/DSPs/HRTF_project/stm32f4/UART_FULL_DUPLEX/CMSIS/core" -I"C:/Users/FLL1GA/Documents/Luis Javier Flores/Tec de Monterrey/8vo Semestre/DSPs/HRTF_project/stm32f4/UART_FULL_DUPLEX/Utilities/STM32F429I-Discovery" -O0 -g3 -Wall -fmessage-length=0 -ffunction-sections -c -MMD -MP -MF"StdPeriph_Driver/src/stm32f4xx_hash_md5.d" -MT"StdPeriph_Driver/src/stm32f4xx_hash_md5.o" -o "StdPeriph_Driver/src/stm32f4xx_hash_md5.o" "../StdPeriph_Driver/src/stm32f4xx_hash_md5.c"
arm-none-eabi-gcc -mcpu=cortex-m4 -mthumb -mfloat-abi=hard -mfpu=fpv4-sp-d16 -DSTM32 -DARM_MATH_CM4 '-D__FPU_USED = 1' '-D__FPU_PRESENT = 1' -DSTM32F4 -DSTM32F429ZITx -DSTM32F429I_DISCO -DDEBUG -DSTM32F429_439xx -DUSE_STDPERIPH_DRIVER -I"C:/Users/FLL1GA/Documents/Luis Javier Flores/Tec de Monterrey/8vo Semestre/DSPs/HRTF_project/stm32f4/UART_FULL_DUPLEX/Utilities/Common" -I"C:/Users/FLL1GA/Documents/Luis Javier Flores/Tec de Monterrey/8vo Semestre/DSPs/HRTF_project/stm32f4/UART_FULL_DUPLEX/StdPeriph_Driver/inc" -I"C:/Users/FLL1GA/Documents/Luis Javier Flores/Tec de Monterrey/8vo Semestre/DSPs/HRTF_project/stm32f4/UART_FULL_DUPLEX/inc" -I"C:/Users/FLL1GA/Documents/Luis Javier Flores/Tec de Monterrey/8vo Semestre/DSPs/HRTF_project/stm32f4/UART_FULL_DUPLEX/CMSIS/device" -I"C:/Users/FLL1GA/Documents/Luis Javier Flores/Tec de Monterrey/8vo Semestre/DSPs/HRTF_project/stm32f4/UART_FULL_DUPLEX/CMSIS/core" -I"C:/Users/FLL1GA/Documents/Luis Javier Flores/Tec de Monterrey/8vo Semestre/DSPs/HRTF_project/stm32f4/UART_FULL_DUPLEX/Utilities/STM32F429I-Discovery" -O0 -g3 -Wall -fmessage-length=0 -ffunction-sections -c -MMD -MP -MF"StdPeriph_Driver/src/stm32f4xx_i2c.d" -MT"StdPeriph_Driver/src/stm32f4xx_i2c.o" -o "StdPeriph_Driver/src/stm32f4xx_i2c.o" "../StdPeriph_Driver/src/stm32f4xx_i2c.c"
Finished building: ../StdPeriph_Driver/src/stm32f4xx_hash.c
 
Building file: ../StdPeriph_Driver/src/stm32f4xx_iwdg.c
Invoking: MCU GCC Compiler
C:\Users\FLL1GA\Documents\Luis Javier Flores\Tec de Monterrey\8vo Semestre\DSPs\HRTF_project\stm32f4\UART_FULL_DUPLEX\Debug
arm-none-eabi-gcc -mcpu=cortex-m4 -mthumb -mfloat-abi=hard -mfpu=fpv4-sp-d16 -DSTM32 -DARM_MATH_CM4 '-D__FPU_USED = 1' '-D__FPU_PRESENT = 1' -DSTM32F4 -DSTM32F429ZITx -DSTM32F429I_DISCO -DDEBUG -DSTM32F429_439xx -DUSE_STDPERIPH_DRIVER -I"C:/Users/FLL1GA/Documents/Luis Javier Flores/Tec de Monterrey/8vo Semestre/DSPs/HRTF_project/stm32f4/UART_FULL_DUPLEX/Utilities/Common" -I"C:/Users/FLL1GA/Documents/Luis Javier Flores/Tec de Monterrey/8vo Semestre/DSPs/HRTF_project/stm32f4/UART_FULL_DUPLEX/StdPeriph_Driver/inc" -I"C:/Users/FLL1GA/Documents/Luis Javier Flores/Tec de Monterrey/8vo Semestre/DSPs/HRTF_project/stm32f4/UART_FULL_DUPLEX/inc" -I"C:/Users/FLL1GA/Documents/Luis Javier Flores/Tec de Monterrey/8vo Semestre/DSPs/HRTF_project/stm32f4/UART_FULL_DUPLEX/CMSIS/device" -I"C:/Users/FLL1GA/Documents/Luis Javier Flores/Tec de Monterrey/8vo Semestre/DSPs/HRTF_project/stm32f4/UART_FULL_DUPLEX/CMSIS/core" -I"C:/Users/FLL1GA/Documents/Luis Javier Flores/Tec de Monterrey/8vo Semestre/DSPs/HRTF_project/stm32f4/UART_FULL_DUPLEX/Utilities/STM32F429I-Discovery" -O0 -g3 -Wall -fmessage-length=0 -ffunction-sections -c -MMD -MP -MF"StdPeriph_Driver/src/stm32f4xx_iwdg.d" -MT"StdPeriph_Driver/src/stm32f4xx_iwdg.o" -o "StdPeriph_Driver/src/stm32f4xx_iwdg.o" "../StdPeriph_Driver/src/stm32f4xx_iwdg.c"
Finished building: ../StdPeriph_Driver/src/stm32f4xx_hash_md5.c
Finished building: ../StdPeriph_Driver/src/stm32f4xx_hash_sha1.c
Finished building: ../StdPeriph_Driver/src/stm32f4xx_i2c.c
 
 
Building file: ../StdPeriph_Driver/src/stm32f4xx_ltdc.c
 
Building file: ../StdPeriph_Driver/src/stm32f4xx_pwr.c
Invoking: MCU GCC Compiler
Building file: ../StdPeriph_Driver/src/stm32f4xx_rcc.c
C:\Users\FLL1GA\Documents\Luis Javier Flores\Tec de Monterrey\8vo Semestre\DSPs\HRTF_project\stm32f4\UART_FULL_DUPLEX\Debug
Invoking: MCU GCC Compiler
arm-none-eabi-gcc -mcpu=cortex-m4 -mthumb -mfloat-abi=hard -mfpu=fpv4-sp-d16 -DSTM32 -DARM_MATH_CM4 '-D__FPU_USED = 1' '-D__FPU_PRESENT = 1' -DSTM32F4 -DSTM32F429ZITx -DSTM32F429I_DISCO -DDEBUG -DSTM32F429_439xx -DUSE_STDPERIPH_DRIVER -I"C:/Users/FLL1GA/Documents/Luis Javier Flores/Tec de Monterrey/8vo Semestre/DSPs/HRTF_project/stm32f4/UART_FULL_DUPLEX/Utilities/Common" -I"C:/Users/FLL1GA/Documents/Luis Javier Flores/Tec de Monterrey/8vo Semestre/DSPs/HRTF_project/stm32f4/UART_FULL_DUPLEX/StdPeriph_Driver/inc" -I"C:/Users/FLL1GA/Documents/Luis Javier Flores/Tec de Monterrey/8vo Semestre/DSPs/HRTF_project/stm32f4/UART_FULL_DUPLEX/inc" -I"C:/Users/FLL1GA/Documents/Luis Javier Flores/Tec de Monterrey/8vo Semestre/DSPs/HRTF_project/stm32f4/UART_FULL_DUPLEX/CMSIS/device" -I"C:/Users/FLL1GA/Documents/Luis Javier Flores/Tec de Monterrey/8vo Semestre/DSPs/HRTF_project/stm32f4/UART_FULL_DUPLEX/CMSIS/core" -I"C:/Users/FLL1GA/Documents/Luis Javier Flores/Tec de Monterrey/8vo Semestre/DSPs/HRTF_project/stm32f4/UART_FULL_DUPLEX/Utilities/STM32F429I-Discovery" -O0 -g3 -Wall -fmessage-length=0 -ffunction-sections -c -MMD -MP -MF"StdPeriph_Driver/src/stm32f4xx_ltdc.d" -MT"StdPeriph_Driver/src/stm32f4xx_ltdc.o" -o "StdPeriph_Driver/src/stm32f4xx_ltdc.o" "../StdPeriph_Driver/src/stm32f4xx_ltdc.c"
Invoking: MCU GCC Compiler
C:\Users\FLL1GA\Documents\Luis Javier Flores\Tec de Monterrey\8vo Semestre\DSPs\HRTF_project\stm32f4\UART_FULL_DUPLEX\Debug
arm-none-eabi-gcc -mcpu=cortex-m4 -mthumb -mfloat-abi=hard -mfpu=fpv4-sp-d16 -DSTM32 -DARM_MATH_CM4 '-D__FPU_USED = 1' '-D__FPU_PRESENT = 1' -DSTM32F4 -DSTM32F429ZITx -DSTM32F429I_DISCO -DDEBUG -DSTM32F429_439xx -DUSE_STDPERIPH_DRIVER -I"C:/Users/FLL1GA/Documents/Luis Javier Flores/Tec de Monterrey/8vo Semestre/DSPs/HRTF_project/stm32f4/UART_FULL_DUPLEX/Utilities/Common" -I"C:/Users/FLL1GA/Documents/Luis Javier Flores/Tec de Monterrey/8vo Semestre/DSPs/HRTF_project/stm32f4/UART_FULL_DUPLEX/StdPeriph_Driver/inc" -I"C:/Users/FLL1GA/Documents/Luis Javier Flores/Tec de Monterrey/8vo Semestre/DSPs/HRTF_project/stm32f4/UART_FULL_DUPLEX/inc" -I"C:/Users/FLL1GA/Documents/Luis Javier Flores/Tec de Monterrey/8vo Semestre/DSPs/HRTF_project/stm32f4/UART_FULL_DUPLEX/CMSIS/device" -I"C:/Users/FLL1GA/Documents/Luis Javier Flores/Tec de Monterrey/8vo Semestre/DSPs/HRTF_project/stm32f4/UART_FULL_DUPLEX/CMSIS/core" -I"C:/Users/FLL1GA/Documents/Luis Javier Flores/Tec de Monterrey/8vo Semestre/DSPs/HRTF_project/stm32f4/UART_FULL_DUPLEX/Utilities/STM32F429I-Discovery" -O0 -g3 -Wall -fmessage-length=0 -ffunction-sections -c -MMD -MP -MF"StdPeriph_Driver/src/stm32f4xx_pwr.d" -MT"StdPeriph_Driver/src/stm32f4xx_pwr.o" -o "StdPeriph_Driver/src/stm32f4xx_pwr.o" "../StdPeriph_Driver/src/stm32f4xx_pwr.c"
C:\Users\FLL1GA\Documents\Luis Javier Flores\Tec de Monterrey\8vo Semestre\DSPs\HRTF_project\stm32f4\UART_FULL_DUPLEX\Debug
arm-none-eabi-gcc -mcpu=cortex-m4 -mthumb -mfloat-abi=hard -mfpu=fpv4-sp-d16 -DSTM32 -DARM_MATH_CM4 '-D__FPU_USED = 1' '-D__FPU_PRESENT = 1' -DSTM32F4 -DSTM32F429ZITx -DSTM32F429I_DISCO -DDEBUG -DSTM32F429_439xx -DUSE_STDPERIPH_DRIVER -I"C:/Users/FLL1GA/Documents/Luis Javier Flores/Tec de Monterrey/8vo Semestre/DSPs/HRTF_project/stm32f4/UART_FULL_DUPLEX/Utilities/Common" -I"C:/Users/FLL1GA/Documents/Luis Javier Flores/Tec de Monterrey/8vo Semestre/DSPs/HRTF_project/stm32f4/UART_FULL_DUPLEX/StdPeriph_Driver/inc" -I"C:/Users/FLL1GA/Documents/Luis Javier Flores/Tec de Monterrey/8vo Semestre/DSPs/HRTF_project/stm32f4/UART_FULL_DUPLEX/inc" -I"C:/Users/FLL1GA/Documents/Luis Javier Flores/Tec de Monterrey/8vo Semestre/DSPs/HRTF_project/stm32f4/UART_FULL_DUPLEX/CMSIS/device" -I"C:/Users/FLL1GA/Documents/Luis Javier Flores/Tec de Monterrey/8vo Semestre/DSPs/HRTF_project/stm32f4/UART_FULL_DUPLEX/CMSIS/core" -I"C:/Users/FLL1GA/Documents/Luis Javier Flores/Tec de Monterrey/8vo Semestre/DSPs/HRTF_project/stm32f4/UART_FULL_DUPLEX/Utilities/STM32F429I-Discovery" -O0 -g3 -Wall -fmessage-length=0 -ffunction-sections -c -MMD -MP -MF"StdPeriph_Driver/src/stm32f4xx_rcc.d" -MT"StdPeriph_Driver/src/stm32f4xx_rcc.o" -o "StdPeriph_Driver/src/stm32f4xx_rcc.o" "../StdPeriph_Driver/src/stm32f4xx_rcc.c"
Finished building: ../StdPeriph_Driver/src/stm32f4xx_iwdg.c
 
Building file: ../StdPeriph_Driver/src/stm32f4xx_rng.c
Invoking: MCU GCC Compiler
C:\Users\FLL1GA\Documents\Luis Javier Flores\Tec de Monterrey\8vo Semestre\DSPs\HRTF_project\stm32f4\UART_FULL_DUPLEX\Debug
arm-none-eabi-gcc -mcpu=cortex-m4 -mthumb -mfloat-abi=hard -mfpu=fpv4-sp-d16 -DSTM32 -DARM_MATH_CM4 '-D__FPU_USED = 1' '-D__FPU_PRESENT = 1' -DSTM32F4 -DSTM32F429ZITx -DSTM32F429I_DISCO -DDEBUG -DSTM32F429_439xx -DUSE_STDPERIPH_DRIVER -I"C:/Users/FLL1GA/Documents/Luis Javier Flores/Tec de Monterrey/8vo Semestre/DSPs/HRTF_project/stm32f4/UART_FULL_DUPLEX/Utilities/Common" -I"C:/Users/FLL1GA/Documents/Luis Javier Flores/Tec de Monterrey/8vo Semestre/DSPs/HRTF_project/stm32f4/UART_FULL_DUPLEX/StdPeriph_Driver/inc" -I"C:/Users/FLL1GA/Documents/Luis Javier Flores/Tec de Monterrey/8vo Semestre/DSPs/HRTF_project/stm32f4/UART_FULL_DUPLEX/inc" -I"C:/Users/FLL1GA/Documents/Luis Javier Flores/Tec de Monterrey/8vo Semestre/DSPs/HRTF_project/stm32f4/UART_FULL_DUPLEX/CMSIS/device" -I"C:/Users/FLL1GA/Documents/Luis Javier Flores/Tec de Monterrey/8vo Semestre/DSPs/HRTF_project/stm32f4/UART_FULL_DUPLEX/CMSIS/core" -I"C:/Users/FLL1GA/Documents/Luis Javier Flores/Tec de Monterrey/8vo Semestre/DSPs/HRTF_project/stm32f4/UART_FULL_DUPLEX/Utilities/STM32F429I-Discovery" -O0 -g3 -Wall -fmessage-length=0 -ffunction-sections -c -MMD -MP -MF"StdPeriph_Driver/src/stm32f4xx_rng.d" -MT"StdPeriph_Driver/src/stm32f4xx_rng.o" -o "StdPeriph_Driver/src/stm32f4xx_rng.o" "../StdPeriph_Driver/src/stm32f4xx_rng.c"
Finished building: ../StdPeriph_Driver/src/stm32f4xx_pwr.c
Finished building: ../StdPeriph_Driver/src/stm32f4xx_ltdc.c
Finished building: ../StdPeriph_Driver/src/stm32f4xx_rcc.c
 
 
 
Building file: ../StdPeriph_Driver/src/stm32f4xx_rtc.c
Building file: ../StdPeriph_Driver/src/stm32f4xx_sai.c
Building file: ../StdPeriph_Driver/src/stm32f4xx_sdio.c
Invoking: MCU GCC Compiler
Invoking: MCU GCC Compiler
Invoking: MCU GCC Compiler
C:\Users\FLL1GA\Documents\Luis Javier Flores\Tec de Monterrey\8vo Semestre\DSPs\HRTF_project\stm32f4\UART_FULL_DUPLEX\Debug
arm-none-eabi-gcc -mcpu=cortex-m4 -mthumb -mfloat-abi=hard -mfpu=fpv4-sp-d16 -DSTM32 -DARM_MATH_CM4 '-D__FPU_USED = 1' '-D__FPU_PRESENT = 1' -DSTM32F4 -DSTM32F429ZITx -DSTM32F429I_DISCO -DDEBUG -DSTM32F429_439xx -DUSE_STDPERIPH_DRIVER -I"C:/Users/FLL1GA/Documents/Luis Javier Flores/Tec de Monterrey/8vo Semestre/DSPs/HRTF_project/stm32f4/UART_FULL_DUPLEX/Utilities/Common" -I"C:/Users/FLL1GA/Documents/Luis Javier Flores/Tec de Monterrey/8vo Semestre/DSPs/HRTF_project/stm32f4/UART_FULL_DUPLEX/StdPeriph_Driver/inc" -I"C:/Users/FLL1GA/Documents/Luis Javier Flores/Tec de Monterrey/8vo Semestre/DSPs/HRTF_project/stm32f4/UART_FULL_DUPLEX/inc" -I"C:/Users/FLL1GA/Documents/Luis Javier Flores/Tec de Monterrey/8vo Semestre/DSPs/HRTF_project/stm32f4/UART_FULL_DUPLEX/CMSIS/device" -I"C:/Users/FLL1GA/Documents/Luis Javier Flores/Tec de Monterrey/8vo Semestre/DSPs/HRTF_project/stm32f4/UART_FULL_DUPLEX/CMSIS/core" -I"C:/Users/FLL1GA/Documents/Luis Javier Flores/Tec de Monterrey/8vo Semestre/DSPs/HRTF_project/stm32f4/UART_FULL_DUPLEX/Utilities/STM32F429I-Discovery" -O0 -g3 -Wall -fmessage-length=0 -ffunction-sections -c -MMD -MP -MF"StdPeriph_Driver/src/stm32f4xx_rtc.d" -MT"StdPeriph_Driver/src/stm32f4xx_rtc.o" -o "StdPeriph_Driver/src/stm32f4xx_rtc.o" "../StdPeriph_Driver/src/stm32f4xx_rtc.c"
C:\Users\FLL1GA\Documents\Luis Javier Flores\Tec de Monterrey\8vo Semestre\DSPs\HRTF_project\stm32f4\UART_FULL_DUPLEX\Debug
arm-none-eabi-gcc -mcpu=cortex-m4 -mthumb -mfloat-abi=hard -mfpu=fpv4-sp-d16 -DSTM32 -DARM_MATH_CM4 '-D__FPU_USED = 1' '-D__FPU_PRESENT = 1' -DSTM32F4 -DSTM32F429ZITx -DSTM32F429I_DISCO -DDEBUG -DSTM32F429_439xx -DUSE_STDPERIPH_DRIVER -I"C:/Users/FLL1GA/Documents/Luis Javier Flores/Tec de Monterrey/8vo Semestre/DSPs/HRTF_project/stm32f4/UART_FULL_DUPLEX/Utilities/Common" -I"C:/Users/FLL1GA/Documents/Luis Javier Flores/Tec de Monterrey/8vo Semestre/DSPs/HRTF_project/stm32f4/UART_FULL_DUPLEX/StdPeriph_Driver/inc" -I"C:/Users/FLL1GA/Documents/Luis Javier Flores/Tec de Monterrey/8vo Semestre/DSPs/HRTF_project/stm32f4/UART_FULL_DUPLEX/inc" -I"C:/Users/FLL1GA/Documents/Luis Javier Flores/Tec de Monterrey/8vo Semestre/DSPs/HRTF_project/stm32f4/UART_FULL_DUPLEX/CMSIS/device" -I"C:/Users/FLL1GA/Documents/Luis Javier Flores/Tec de Monterrey/8vo Semestre/DSPs/HRTF_project/stm32f4/UART_FULL_DUPLEX/CMSIS/core" -I"C:/Users/FLL1GA/Documents/Luis Javier Flores/Tec de Monterrey/8vo Semestre/DSPs/HRTF_project/stm32f4/UART_FULL_DUPLEX/Utilities/STM32F429I-Discovery" -O0 -g3 -Wall -fmessage-length=0 -ffunction-sections -c -MMD -MP -MF"StdPeriph_Driver/src/stm32f4xx_sai.d" -MT"StdPeriph_Driver/src/stm32f4xx_sai.o" -o "StdPeriph_Driver/src/stm32f4xx_sai.o" "../StdPeriph_Driver/src/stm32f4xx_sai.c"
C:\Users\FLL1GA\Documents\Luis Javier Flores\Tec de Monterrey\8vo Semestre\DSPs\HRTF_project\stm32f4\UART_FULL_DUPLEX\Debug
arm-none-eabi-gcc -mcpu=cortex-m4 -mthumb -mfloat-abi=hard -mfpu=fpv4-sp-d16 -DSTM32 -DARM_MATH_CM4 '-D__FPU_USED = 1' '-D__FPU_PRESENT = 1' -DSTM32F4 -DSTM32F429ZITx -DSTM32F429I_DISCO -DDEBUG -DSTM32F429_439xx -DUSE_STDPERIPH_DRIVER -I"C:/Users/FLL1GA/Documents/Luis Javier Flores/Tec de Monterrey/8vo Semestre/DSPs/HRTF_project/stm32f4/UART_FULL_DUPLEX/Utilities/Common" -I"C:/Users/FLL1GA/Documents/Luis Javier Flores/Tec de Monterrey/8vo Semestre/DSPs/HRTF_project/stm32f4/UART_FULL_DUPLEX/StdPeriph_Driver/inc" -I"C:/Users/FLL1GA/Documents/Luis Javier Flores/Tec de Monterrey/8vo Semestre/DSPs/HRTF_project/stm32f4/UART_FULL_DUPLEX/inc" -I"C:/Users/FLL1GA/Documents/Luis Javier Flores/Tec de Monterrey/8vo Semestre/DSPs/HRTF_project/stm32f4/UART_FULL_DUPLEX/CMSIS/device" -I"C:/Users/FLL1GA/Documents/Luis Javier Flores/Tec de Monterrey/8vo Semestre/DSPs/HRTF_project/stm32f4/UART_FULL_DUPLEX/CMSIS/core" -I"C:/Users/FLL1GA/Documents/Luis Javier Flores/Tec de Monterrey/8vo Semestre/DSPs/HRTF_project/stm32f4/UART_FULL_DUPLEX/Utilities/STM32F429I-Discovery" -O0 -g3 -Wall -fmessage-length=0 -ffunction-sections -c -MMD -MP -MF"StdPeriph_Driver/src/stm32f4xx_sdio.d" -MT"StdPeriph_Driver/src/stm32f4xx_sdio.o" -o "StdPeriph_Driver/src/stm32f4xx_sdio.o" "../StdPeriph_Driver/src/stm32f4xx_sdio.c"
Finished building: ../StdPeriph_Driver/src/stm32f4xx_rng.c
 
Building file: ../StdPeriph_Driver/src/stm32f4xx_spi.c
Invoking: MCU GCC Compiler
Finished building: ../StdPeriph_Driver/src/stm32f4xx_rtc.c
C:\Users\FLL1GA\Documents\Luis Javier Flores\Tec de Monterrey\8vo Semestre\DSPs\HRTF_project\stm32f4\UART_FULL_DUPLEX\Debug
Finished building: ../StdPeriph_Driver/src/stm32f4xx_sai.c
Finished building: ../StdPeriph_Driver/src/stm32f4xx_sdio.c
arm-none-eabi-gcc -mcpu=cortex-m4 -mthumb -mfloat-abi=hard -mfpu=fpv4-sp-d16 -DSTM32 -DARM_MATH_CM4 '-D__FPU_USED = 1' '-D__FPU_PRESENT = 1' -DSTM32F4 -DSTM32F429ZITx -DSTM32F429I_DISCO -DDEBUG -DSTM32F429_439xx -DUSE_STDPERIPH_DRIVER -I"C:/Users/FLL1GA/Documents/Luis Javier Flores/Tec de Monterrey/8vo Semestre/DSPs/HRTF_project/stm32f4/UART_FULL_DUPLEX/Utilities/Common" -I"C:/Users/FLL1GA/Documents/Luis Javier Flores/Tec de Monterrey/8vo Semestre/DSPs/HRTF_project/stm32f4/UART_FULL_DUPLEX/StdPeriph_Driver/inc" -I"C:/Users/FLL1GA/Documents/Luis Javier Flores/Tec de Monterrey/8vo Semestre/DSPs/HRTF_project/stm32f4/UART_FULL_DUPLEX/inc" -I"C:/Users/FLL1GA/Documents/Luis Javier Flores/Tec de Monterrey/8vo Semestre/DSPs/HRTF_project/stm32f4/UART_FULL_DUPLEX/CMSIS/device" -I"C:/Users/FLL1GA/Documents/Luis Javier Flores/Tec de Monterrey/8vo Semestre/DSPs/HRTF_project/stm32f4/UART_FULL_DUPLEX/CMSIS/core" -I"C:/Users/FLL1GA/Documents/Luis Javier Flores/Tec de Monterrey/8vo Semestre/DSPs/HRTF_project/stm32f4/UART_FULL_DUPLEX/Utilities/STM32F429I-Discovery" -O0 -g3 -Wall -fmessage-length=0 -ffunction-sections -c -MMD -MP -MF"StdPeriph_Driver/src/stm32f4xx_spi.d" -MT"StdPeriph_Driver/src/stm32f4xx_spi.o" -o "StdPeriph_Driver/src/stm32f4xx_spi.o" "../StdPeriph_Driver/src/stm32f4xx_spi.c"
 
 
 
Building file: ../StdPeriph_Driver/src/stm32f4xx_tim.c
Building file: ../StdPeriph_Driver/src/stm32f4xx_syscfg.c
Building file: ../StdPeriph_Driver/src/stm32f4xx_usart.c
Invoking: MCU GCC Compiler
Invoking: MCU GCC Compiler
Invoking: MCU GCC Compiler
C:\Users\FLL1GA\Documents\Luis Javier Flores\Tec de Monterrey\8vo Semestre\DSPs\HRTF_project\stm32f4\UART_FULL_DUPLEX\Debug
C:\Users\FLL1GA\Documents\Luis Javier Flores\Tec de Monterrey\8vo Semestre\DSPs\HRTF_project\stm32f4\UART_FULL_DUPLEX\Debug
C:\Users\FLL1GA\Documents\Luis Javier Flores\Tec de Monterrey\8vo Semestre\DSPs\HRTF_project\stm32f4\UART_FULL_DUPLEX\Debug
arm-none-eabi-gcc -mcpu=cortex-m4 -mthumb -mfloat-abi=hard -mfpu=fpv4-sp-d16 -DSTM32 -DARM_MATH_CM4 '-D__FPU_USED = 1' '-D__FPU_PRESENT = 1' -DSTM32F4 -DSTM32F429ZITx -DSTM32F429I_DISCO -DDEBUG -DSTM32F429_439xx -DUSE_STDPERIPH_DRIVER -I"C:/Users/FLL1GA/Documents/Luis Javier Flores/Tec de Monterrey/8vo Semestre/DSPs/HRTF_project/stm32f4/UART_FULL_DUPLEX/Utilities/Common" -I"C:/Users/FLL1GA/Documents/Luis Javier Flores/Tec de Monterrey/8vo Semestre/DSPs/HRTF_project/stm32f4/UART_FULL_DUPLEX/StdPeriph_Driver/inc" -I"C:/Users/FLL1GA/Documents/Luis Javier Flores/Tec de Monterrey/8vo Semestre/DSPs/HRTF_project/stm32f4/UART_FULL_DUPLEX/inc" -I"C:/Users/FLL1GA/Documents/Luis Javier Flores/Tec de Monterrey/8vo Semestre/DSPs/HRTF_project/stm32f4/UART_FULL_DUPLEX/CMSIS/device" -I"C:/Users/FLL1GA/Documents/Luis Javier Flores/Tec de Monterrey/8vo Semestre/DSPs/HRTF_project/stm32f4/UART_FULL_DUPLEX/CMSIS/core" -I"C:/Users/FLL1GA/Documents/Luis Javier Flores/Tec de Monterrey/8vo Semestre/DSPs/HRTF_project/stm32f4/UART_FULL_DUPLEX/Utilities/STM32F429I-Discovery" -O0 -g3 -Wall -fmessage-length=0 -ffunction-sections -c -MMD -MP -MF"StdPeriph_Driver/src/stm32f4xx_tim.d" -MT"StdPeriph_Driver/src/stm32f4xx_tim.o" -o "StdPeriph_Driver/src/stm32f4xx_tim.o" "../StdPeriph_Driver/src/stm32f4xx_tim.c"
arm-none-eabi-gcc -mcpu=cortex-m4 -mthumb -mfloat-abi=hard -mfpu=fpv4-sp-d16 -DSTM32 -DARM_MATH_CM4 '-D__FPU_USED = 1' '-D__FPU_PRESENT = 1' -DSTM32F4 -DSTM32F429ZITx -DSTM32F429I_DISCO -DDEBUG -DSTM32F429_439xx -DUSE_STDPERIPH_DRIVER -I"C:/Users/FLL1GA/Documents/Luis Javier Flores/Tec de Monterrey/8vo Semestre/DSPs/HRTF_project/stm32f4/UART_FULL_DUPLEX/Utilities/Common" -I"C:/Users/FLL1GA/Documents/Luis Javier Flores/Tec de Monterrey/8vo Semestre/DSPs/HRTF_project/stm32f4/UART_FULL_DUPLEX/StdPeriph_Driver/inc" -I"C:/Users/FLL1GA/Documents/Luis Javier Flores/Tec de Monterrey/8vo Semestre/DSPs/HRTF_project/stm32f4/UART_FULL_DUPLEX/inc" -I"C:/Users/FLL1GA/Documents/Luis Javier Flores/Tec de Monterrey/8vo Semestre/DSPs/HRTF_project/stm32f4/UART_FULL_DUPLEX/CMSIS/device" -I"C:/Users/FLL1GA/Documents/Luis Javier Flores/Tec de Monterrey/8vo Semestre/DSPs/HRTF_project/stm32f4/UART_FULL_DUPLEX/CMSIS/core" -I"C:/Users/FLL1GA/Documents/Luis Javier Flores/Tec de Monterrey/8vo Semestre/DSPs/HRTF_project/stm32f4/UART_FULL_DUPLEX/Utilities/STM32F429I-Discovery" -O0 -g3 -Wall -fmessage-length=0 -ffunction-sections -c -MMD -MP -MF"StdPeriph_Driver/src/stm32f4xx_syscfg.d" -MT"StdPeriph_Driver/src/stm32f4xx_syscfg.o" -o "StdPeriph_Driver/src/stm32f4xx_syscfg.o" "../StdPeriph_Driver/src/stm32f4xx_syscfg.c"
arm-none-eabi-gcc -mcpu=cortex-m4 -mthumb -mfloat-abi=hard -mfpu=fpv4-sp-d16 -DSTM32 -DARM_MATH_CM4 '-D__FPU_USED = 1' '-D__FPU_PRESENT = 1' -DSTM32F4 -DSTM32F429ZITx -DSTM32F429I_DISCO -DDEBUG -DSTM32F429_439xx -DUSE_STDPERIPH_DRIVER -I"C:/Users/FLL1GA/Documents/Luis Javier Flores/Tec de Monterrey/8vo Semestre/DSPs/HRTF_project/stm32f4/UART_FULL_DUPLEX/Utilities/Common" -I"C:/Users/FLL1GA/Documents/Luis Javier Flores/Tec de Monterrey/8vo Semestre/DSPs/HRTF_project/stm32f4/UART_FULL_DUPLEX/StdPeriph_Driver/inc" -I"C:/Users/FLL1GA/Documents/Luis Javier Flores/Tec de Monterrey/8vo Semestre/DSPs/HRTF_project/stm32f4/UART_FULL_DUPLEX/inc" -I"C:/Users/FLL1GA/Documents/Luis Javier Flores/Tec de Monterrey/8vo Semestre/DSPs/HRTF_project/stm32f4/UART_FULL_DUPLEX/CMSIS/device" -I"C:/Users/FLL1GA/Documents/Luis Javier Flores/Tec de Monterrey/8vo Semestre/DSPs/HRTF_project/stm32f4/UART_FULL_DUPLEX/CMSIS/core" -I"C:/Users/FLL1GA/Documents/Luis Javier Flores/Tec de Monterrey/8vo Semestre/DSPs/HRTF_project/stm32f4/UART_FULL_DUPLEX/Utilities/STM32F429I-Discovery" -O0 -g3 -Wall -fmessage-length=0 -ffunction-sections -c -MMD -MP -MF"StdPeriph_Driver/src/stm32f4xx_usart.d" -MT"StdPeriph_Driver/src/stm32f4xx_usart.o" -o "StdPeriph_Driver/src/stm32f4xx_usart.o" "../StdPeriph_Driver/src/stm32f4xx_usart.c"
Finished building: ../StdPeriph_Driver/src/stm32f4xx_spi.c
 
Finished building: ../StdPeriph_Driver/src/stm32f4xx_syscfg.c
Building file: ../StdPeriph_Driver/src/stm32f4xx_wwdg.c
 
Invoking: MCU GCC Compiler
Finished building: ../StdPeriph_Driver/src/stm32f4xx_tim.c
C:\Users\FLL1GA\Documents\Luis Javier Flores\Tec de Monterrey\8vo Semestre\DSPs\HRTF_project\stm32f4\UART_FULL_DUPLEX\Debug
Finished building: ../StdPeriph_Driver/src/stm32f4xx_usart.c
 
arm-none-eabi-gcc -mcpu=cortex-m4 -mthumb -mfloat-abi=hard -mfpu=fpv4-sp-d16 -DSTM32 -DARM_MATH_CM4 '-D__FPU_USED = 1' '-D__FPU_PRESENT = 1' -DSTM32F4 -DSTM32F429ZITx -DSTM32F429I_DISCO -DDEBUG -DSTM32F429_439xx -DUSE_STDPERIPH_DRIVER -I"C:/Users/FLL1GA/Documents/Luis Javier Flores/Tec de Monterrey/8vo Semestre/DSPs/HRTF_project/stm32f4/UART_FULL_DUPLEX/Utilities/Common" -I"C:/Users/FLL1GA/Documents/Luis Javier Flores/Tec de Monterrey/8vo Semestre/DSPs/HRTF_project/stm32f4/UART_FULL_DUPLEX/StdPeriph_Driver/inc" -I"C:/Users/FLL1GA/Documents/Luis Javier Flores/Tec de Monterrey/8vo Semestre/DSPs/HRTF_project/stm32f4/UART_FULL_DUPLEX/inc" -I"C:/Users/FLL1GA/Documents/Luis Javier Flores/Tec de Monterrey/8vo Semestre/DSPs/HRTF_project/stm32f4/UART_FULL_DUPLEX/CMSIS/device" -I"C:/Users/FLL1GA/Documents/Luis Javier Flores/Tec de Monterrey/8vo Semestre/DSPs/HRTF_project/stm32f4/UART_FULL_DUPLEX/CMSIS/core" -I"C:/Users/FLL1GA/Documents/Luis Javier Flores/Tec de Monterrey/8vo Semestre/DSPs/HRTF_project/stm32f4/UART_FULL_DUPLEX/Utilities/STM32F429I-Discovery" -O0 -g3 -Wall -fmessage-length=0 -ffunction-sections -c -MMD -MP -MF"StdPeriph_Driver/src/stm32f4xx_wwdg.d" -MT"StdPeriph_Driver/src/stm32f4xx_wwdg.o" -o "StdPeriph_Driver/src/stm32f4xx_wwdg.o" "../StdPeriph_Driver/src/stm32f4xx_wwdg.c"
 
Finished building: ../StdPeriph_Driver/src/stm32f4xx_wwdg.c
 
Building target: UART_FULL_DUPLEX.elf
Invoking: MCU GCC Linker
arm-none-eabi-gcc -mcpu=cortex-m4 -mthumb -mfloat-abi=hard -mfpu=fpv4-sp-d16 -L"C:\Users\FLL1GA\Documents\Luis Javier Flores\Tec de Monterrey\8vo Semestre\DSPs\HRTF_project\stm32f4\UART_FULL_DUPLEX\lib" -T"C:\Users\FLL1GA\Documents\Luis Javier Flores\Tec de Monterrey\8vo Semestre\DSPs\HRTF_project\stm32f4\UART_FULL_DUPLEX\LinkerScript.ld" -Wl,-Map=output.map -Wl,--gc-sections -o "UART_FULL_DUPLEX.elf" @"objects.list"  -larm_cortexM4lf_math -lm
Finished building target: UART_FULL_DUPLEX.elf
 
make --no-print-directory post-build
Generating binary and Printing size information:
arm-none-eabi-objcopy -O binary "UART_FULL_DUPLEX.elf" "UART_FULL_DUPLEX.bin"
arm-none-eabi-size "UART_FULL_DUPLEX.elf"
   text	   data	    bss	    dec	    hex	filename
  27852	   1176	  31476	  60504	   ec58	UART_FULL_DUPLEX.elf
 
